Archive member included to satisfy reference by file (symbol)

/Applications/Ac6/SystemWorkbench.app/Contents/Eclipse/plugins/fr.ac6.mcu.externaltools.arm-none.macos64_1.11.0.201610101357/tools/gcc-arm-none-eabi-5_4-2016q2/bin/../lib/gcc/arm-none-eabi/5.4.1/../../../../arm-none-eabi/lib/armv7e-m/fpu/libc_nano.a(lib_a-exit.o)
                              /Applications/Ac6/SystemWorkbench.app/Contents/Eclipse/plugins/fr.ac6.mcu.externaltools.arm-none.macos64_1.11.0.201610101357/tools/gcc-arm-none-eabi-5_4-2016q2/bin/../lib/gcc/arm-none-eabi/5.4.1/../../../../arm-none-eabi/lib/armv7e-m/fpu/crt0.o (exit)
/Applications/Ac6/SystemWorkbench.app/Contents/Eclipse/plugins/fr.ac6.mcu.externaltools.arm-none.macos64_1.11.0.201610101357/tools/gcc-arm-none-eabi-5_4-2016q2/bin/../lib/gcc/arm-none-eabi/5.4.1/../../../../arm-none-eabi/lib/armv7e-m/fpu/libc_nano.a(lib_a-impure.o)
                              /Applications/Ac6/SystemWorkbench.app/Contents/Eclipse/plugins/fr.ac6.mcu.externaltools.arm-none.macos64_1.11.0.201610101357/tools/gcc-arm-none-eabi-5_4-2016q2/bin/../lib/gcc/arm-none-eabi/5.4.1/../../../../arm-none-eabi/lib/armv7e-m/fpu/libc_nano.a(lib_a-exit.o) (_global_impure_ptr)
/Applications/Ac6/SystemWorkbench.app/Contents/Eclipse/plugins/fr.ac6.mcu.externaltools.arm-none.macos64_1.11.0.201610101357/tools/gcc-arm-none-eabi-5_4-2016q2/bin/../lib/gcc/arm-none-eabi/5.4.1/../../../../arm-none-eabi/lib/armv7e-m/fpu/libc_nano.a(lib_a-init.o)
                              /Applications/Ac6/SystemWorkbench.app/Contents/Eclipse/plugins/fr.ac6.mcu.externaltools.arm-none.macos64_1.11.0.201610101357/tools/gcc-arm-none-eabi-5_4-2016q2/bin/../lib/gcc/arm-none-eabi/5.4.1/../../../../arm-none-eabi/lib/armv7e-m/fpu/crt0.o (__libc_init_array)
/Applications/Ac6/SystemWorkbench.app/Contents/Eclipse/plugins/fr.ac6.mcu.externaltools.arm-none.macos64_1.11.0.201610101357/tools/gcc-arm-none-eabi-5_4-2016q2/bin/../lib/gcc/arm-none-eabi/5.4.1/../../../../arm-none-eabi/lib/armv7e-m/fpu/libc_nano.a(lib_a-memset.o)
                              /Applications/Ac6/SystemWorkbench.app/Contents/Eclipse/plugins/fr.ac6.mcu.externaltools.arm-none.macos64_1.11.0.201610101357/tools/gcc-arm-none-eabi-5_4-2016q2/bin/../lib/gcc/arm-none-eabi/5.4.1/../../../../arm-none-eabi/lib/armv7e-m/fpu/crt0.o (memset)
/Applications/Ac6/SystemWorkbench.app/Contents/Eclipse/plugins/fr.ac6.mcu.externaltools.arm-none.macos64_1.11.0.201610101357/tools/gcc-arm-none-eabi-5_4-2016q2/bin/../lib/gcc/arm-none-eabi/5.4.1/../../../../arm-none-eabi/lib/armv7e-m/fpu/libc_nano.a(lib_a-sprintf.o)
                              Src/main.o (sprintf)
/Applications/Ac6/SystemWorkbench.app/Contents/Eclipse/plugins/fr.ac6.mcu.externaltools.arm-none.macos64_1.11.0.201610101357/tools/gcc-arm-none-eabi-5_4-2016q2/bin/../lib/gcc/arm-none-eabi/5.4.1/../../../../arm-none-eabi/lib/armv7e-m/fpu/libc_nano.a(lib_a-nano-svfprintf.o)
                              /Applications/Ac6/SystemWorkbench.app/Contents/Eclipse/plugins/fr.ac6.mcu.externaltools.arm-none.macos64_1.11.0.201610101357/tools/gcc-arm-none-eabi-5_4-2016q2/bin/../lib/gcc/arm-none-eabi/5.4.1/../../../../arm-none-eabi/lib/armv7e-m/fpu/libc_nano.a(lib_a-sprintf.o) (_svfprintf_r)
/Applications/Ac6/SystemWorkbench.app/Contents/Eclipse/plugins/fr.ac6.mcu.externaltools.arm-none.macos64_1.11.0.201610101357/tools/gcc-arm-none-eabi-5_4-2016q2/bin/../lib/gcc/arm-none-eabi/5.4.1/../../../../arm-none-eabi/lib/armv7e-m/fpu/libc_nano.a(lib_a-nano-vfprintf_i.o)
                              /Applications/Ac6/SystemWorkbench.app/Contents/Eclipse/plugins/fr.ac6.mcu.externaltools.arm-none.macos64_1.11.0.201610101357/tools/gcc-arm-none-eabi-5_4-2016q2/bin/../lib/gcc/arm-none-eabi/5.4.1/../../../../arm-none-eabi/lib/armv7e-m/fpu/libc_nano.a(lib_a-nano-svfprintf.o) (_printf_i)
/Applications/Ac6/SystemWorkbench.app/Contents/Eclipse/plugins/fr.ac6.mcu.externaltools.arm-none.macos64_1.11.0.201610101357/tools/gcc-arm-none-eabi-5_4-2016q2/bin/../lib/gcc/arm-none-eabi/5.4.1/../../../../arm-none-eabi/lib/armv7e-m/fpu/libc_nano.a(lib_a-memchr.o)
                              /Applications/Ac6/SystemWorkbench.app/Contents/Eclipse/plugins/fr.ac6.mcu.externaltools.arm-none.macos64_1.11.0.201610101357/tools/gcc-arm-none-eabi-5_4-2016q2/bin/../lib/gcc/arm-none-eabi/5.4.1/../../../../arm-none-eabi/lib/armv7e-m/fpu/libc_nano.a(lib_a-nano-svfprintf.o) (memchr)
/Applications/Ac6/SystemWorkbench.app/Contents/Eclipse/plugins/fr.ac6.mcu.externaltools.arm-none.macos64_1.11.0.201610101357/tools/gcc-arm-none-eabi-5_4-2016q2/bin/../lib/gcc/arm-none-eabi/5.4.1/../../../../arm-none-eabi/lib/armv7e-m/fpu/libc_nano.a(lib_a-memcpy-stub.o)
                              /Applications/Ac6/SystemWorkbench.app/Contents/Eclipse/plugins/fr.ac6.mcu.externaltools.arm-none.macos64_1.11.0.201610101357/tools/gcc-arm-none-eabi-5_4-2016q2/bin/../lib/gcc/arm-none-eabi/5.4.1/../../../../arm-none-eabi/lib/armv7e-m/fpu/libc_nano.a(lib_a-nano-svfprintf.o) (memcpy)
[...]
Memory Configuration

Name             Origin             Length             Attributes
RAM              0x0000000020000000 0x0000000000020000 xrw
CCMRAM           0x0000000010000000 0x0000000000010000 rw
FLASH            0x0000000008000000 0x0000000000100000 xr
*default*        0x0000000000000000 0xffffffffffffffff

Linker script and memory map

LOAD /Applications/Ac6/SystemWorkbench.app/Contents/Eclipse/plugins/fr.ac6.mcu.externaltools.arm-none.macos64_1.11.0.201610101357/tools/gcc-arm-none-eabi-5_4-2016q2/bin/../lib/gcc/arm-none-eabi/5.4.1/armv7e-m/fpu/crti.o
LOAD /Applications/Ac6/SystemWorkbench.app/Contents/Eclipse/plugins/fr.ac6.mcu.externaltools.arm-none.macos64_1.11.0.201610101357/tools/gcc-arm-none-eabi-5_4-2016q2/bin/../lib/gcc/arm-none-eabi/5.4.1/armv7e-m/fpu/crtbegin.o
LOAD /Applications/Ac6/SystemWorkbench.app/Contents/Eclipse/plugins/fr.ac6.mcu.externaltools.arm-none.macos64_1.11.0.201610101357/tools/gcc-arm-none-eabi-5_4-2016q2/bin/../lib/gcc/arm-none-eabi/5.4.1/../../../../arm-none-eabi/lib/armv7e-m/fpu/crt0.o
LOAD /Applications/Ac6/SystemWorkbench.app/Contents/Eclipse/plugins/fr.ac6.mcu.externaltools.arm-none.macos64_1.11.0.201610101357/tools/gcc-arm-none-eabi-5_4-2016q2/bin/../lib/gcc/arm-none-eabi/5.4.1/../../../../arm-none-eabi/lib/armv7e-m/fpu/libm.a
LOAD Drivers/CMSIS/Device/ST/STM32F4xx/Source/Templates/gcc/startup_stm32f407xx.o
LOAD Drivers/CMSIS/Device/ST/STM32F4xx/Source/Templates/system_stm32f4xx.o
LOAD Drivers/STM32F4xx_HAL_Driver/Src/stm32f4xx_hal.o
LOAD Drivers/STM32F4xx_HAL_Driver/Src/stm32f4xx_hal_cortex.o
LOAD Drivers/STM32F4xx_HAL_Driver/Src/stm32f4xx_hal_dma.o
LOAD Drivers/STM32F4xx_HAL_Driver/Src/stm32f4xx_hal_dma_ex.o
LOAD Drivers/STM32F4xx_HAL_Driver/Src/stm32f4xx_hal_flash.o
LOAD Drivers/STM32F4xx_HAL_Driver/Src/stm32f4xx_hal_flash_ex.o
LOAD Drivers/STM32F4xx_HAL_Driver/Src/stm32f4xx_hal_flash_ramfunc.o
LOAD Drivers/STM32F4xx_HAL_Driver/Src/stm32f4xx_hal_gpio.o
LOAD Drivers/STM32F4xx_HAL_Driver/Src/stm32f4xx_hal_pwr.o
LOAD Drivers/STM32F4xx_HAL_Driver/Src/stm32f4xx_hal_pwr_ex.o
LOAD Drivers/STM32F4xx_HAL_Driver/Src/stm32f4xx_hal_rcc.o
LOAD Drivers/STM32F4xx_HAL_Driver/Src/stm32f4xx_hal_rcc_ex.o
LOAD Drivers/STM32F4xx_HAL_Driver/Src/stm32f4xx_hal_spi.o
LOAD Drivers/STM32F4xx_HAL_Driver/Src/stm32f4xx_hal_tim.o
LOAD Drivers/STM32F4xx_HAL_Driver/Src/stm32f4xx_hal_tim_ex.o
LOAD Drivers/STM32F4xx_HAL_Driver/Src/stm32f4xx_hal_uart.o
LOAD Src/main.o
LOAD Src/stm32f4xx_hal_msp.o
LOAD Src/stm32f4xx_it.o
START GROUP
LOAD /Applications/Ac6/SystemWorkbench.app/Contents/Eclipse/plugins/fr.ac6.mcu.externaltools.arm-none.macos64_1.11.0.201610101357/tools/gcc-arm-none-eabi-5_4-2016q2/bin/../lib/gcc/arm-none-eabi/5.4.1/armv7e-m/fpu/libgcc.a
LOAD /Applications/Ac6/SystemWorkbench.app/Contents/Eclipse/plugins/fr.ac6.mcu.externaltools.arm-none.macos64_1.11.0.201610101357/tools/gcc-arm-none-eabi-5_4-2016q2/bin/../lib/gcc/arm-none-eabi/5.4.1/../../../../arm-none-eabi/lib/armv7e-m/fpu/libc_nano.a
END GROUP
START GROUP
LOAD /Applications/Ac6/SystemWorkbench.app/Contents/Eclipse/plugins/fr.ac6.mcu.externaltools.arm-none.macos64_1.11.0.201610101357/tools/gcc-arm-none-eabi-5_4-2016q2/bin/../lib/gcc/arm-none-eabi/5.4.1/armv7e-m/fpu/libgcc.a
LOAD /Applications/Ac6/SystemWorkbench.app/Contents/Eclipse/plugins/fr.ac6.mcu.externaltools.arm-none.macos64_1.11.0.201610101357/tools/gcc-arm-none-eabi-5_4-2016q2/bin/../lib/gcc/arm-none-eabi/5.4.1/../../../../arm-none-eabi/lib/armv7e-m/fpu/libc_nano.a
LOAD /Applications/Ac6/SystemWorkbench.app/Contents/Eclipse/plugins/fr.ac6.mcu.externaltools.arm-none.macos64_1.11.0.201610101357/tools/gcc-arm-none-eabi-5_4-2016q2/bin/../lib/gcc/arm-none-eabi/5.4.1/../../../../arm-none-eabi/lib/armv7e-m/fpu/libnosys.a
END GROUP
START GROUP
LOAD /Applications/Ac6/SystemWorkbench.app/Contents/Eclipse/plugins/fr.ac6.mcu.externaltools.arm-none.macos64_1.11.0.201610101357/tools/gcc-arm-none-eabi-5_4-2016q2/bin/../lib/gcc/arm-none-eabi/5.4.1/armv7e-m/fpu/libgcc.a
LOAD /Applications/Ac6/SystemWorkbench.app/Contents/Eclipse/plugins/fr.ac6.mcu.externaltools.arm-none.macos64_1.11.0.201610101357/tools/gcc-arm-none-eabi-5_4-2016q2/bin/../lib/gcc/arm-none-eabi/5.4.1/../../../../arm-none-eabi/lib/armv7e-m/fpu/libc_nano.a
LOAD /Applications/Ac6/SystemWorkbench.app/Contents/Eclipse/plugins/fr.ac6.mcu.externaltools.arm-none.macos64_1.11.0.201610101357/tools/gcc-arm-none-eabi-5_4-2016q2/bin/../lib/gcc/arm-none-eabi/5.4.1/../../../../arm-none-eabi/lib/armv7e-m/fpu/libnosys.a
END GROUP
LOAD /Applications/Ac6/SystemWorkbench.app/Contents/Eclipse/plugins/fr.ac6.mcu.externaltools.arm-none.macos64_1.11.0.201610101357/tools/gcc-arm-none-eabi-5_4-2016q2/bin/../lib/gcc/arm-none-eabi/5.4.1/armv7e-m/fpu/crtend.o
LOAD /Applications/Ac6/SystemWorkbench.app/Contents/Eclipse/plugins/fr.ac6.mcu.externaltools.arm-none.macos64_1.11.0.201610101357/tools/gcc-arm-none-eabi-5_4-2016q2/bin/../lib/gcc/arm-none-eabi/5.4.1/armv7e-m/fpu/crtn.o
                0x0000000020020000                _estack = 0x20020000
                0x0000000000000200                _Min_Heap_Size = 0x200
                0x0000000000000400                _Min_Stack_Size = 0x400

.isr_vector     0x0000000008000000      0x188
                0x0000000008000000                . = ALIGN (0x4)
 *(.isr_vector)
 .isr_vector    0x0000000008000000      0x188 Drivers/CMSIS/Device/ST/STM32F4xx/Source/Templates/gcc/startup_stm32f407xx.o
                0x0000000008000000                g_pfnVectors
                0x0000000008000188                . = ALIGN (0x4)

.text           0x0000000008000190     0x2678
                0x0000000008000190                . = ALIGN (0x4)
 *(.text)
 .text          0x0000000008000190       0x5c /Applications/Ac6/SystemWorkbench.app/Contents/Eclipse/plugins/fr.ac6.mcu.externaltools.arm-none.macos64_1.11.0.201610101357/tools/gcc-arm-none-eabi-5_4-2016q2/bin/../lib/gcc/arm-none-eabi/5.4.1/armv7e-m/fpu/crtbegin.o
 *fill*         0x00000000080001ec        0x4 
 .text          0x00000000080001f0       0xa0 /Applications/Ac6/SystemWorkbench.app/Contents/Eclipse/plugins/fr.ac6.mcu.externaltools.arm-none.macos64_1.11.0.201610101357/tools/gcc-arm-none-eabi-5_4-2016q2/bin/../lib/gcc/arm-none-eabi/5.4.1/../../../../arm-none-eabi/lib/armv7e-m/fpu/libc_nano.a(lib_a-memchr.o)
                0x00000000080001f0                memchr
 *(.text*)
 .text.Reset_Handler
                0x0000000008000290       0x50 Drivers/CMSIS/Device/ST/STM32F4xx/Source/Templates/gcc/startup_stm32f407xx.o
                0x0000000008000290                Reset_Handler
 .text.Default_Handler
                0x00000000080002e0        0x2 Drivers/CMSIS/Device/ST/STM32F4xx/Source/Templates/gcc/startup_stm32f407xx.o
                0x00000000080002e0                DMA1_Stream3_IRQHandler
                0x00000000080002e0                HASH_RNG_IRQHandler
                0x00000000080002e0                EXTI2_IRQHandler
                0x00000000080002e0                TIM8_CC_IRQHandler
                0x00000000080002e0                DebugMon_Handler
                0x00000000080002e0                TIM1_CC_IRQHandler
                0x00000000080002e0                DMA2_Stream5_IRQHandler
                0x00000000080002e0                HardFault_Handler
                0x00000000080002e0                DMA1_Stream5_IRQHandler
                0x00000000080002e0                PVD_IRQHandler
                0x00000000080002e0                SDIO_IRQHandler
                0x00000000080002e0                TAMP_STAMP_IRQHandler
                0x00000000080002e0                PendSV_Handler
                0x00000000080002e0                NMI_Handler
                0x00000000080002e0                CAN2_RX1_IRQHandler
                0x00000000080002e0                EXTI3_IRQHandler
                0x00000000080002e0                TIM8_TRG_COM_TIM14_IRQHandler
                0x00000000080002e0                TIM1_UP_TIM10_IRQHandler
                0x00000000080002e0                TIM8_UP_TIM13_IRQHandler
                0x00000000080002e0                I2C3_ER_IRQHandler
                0x00000000080002e0                EXTI0_IRQHandler
                0x00000000080002e0                I2C2_EV_IRQHandler
                0x00000000080002e0                DMA1_Stream2_IRQHandler
                0x00000000080002e0                CAN1_RX0_IRQHandler
                0x00000000080002e0                FPU_IRQHandler
                0x00000000080002e0                OTG_HS_WKUP_IRQHandler
                0x00000000080002e0                UsageFault_Handler
                0x00000000080002e0                CAN2_SCE_IRQHandler
                0x00000000080002e0                DMA2_Stream2_IRQHandler
                0x00000000080002e0                SPI1_IRQHandler
                0x00000000080002e0                TIM6_DAC_IRQHandler
                0x00000000080002e0                TIM1_BRK_TIM9_IRQHandler
                0x00000000080002e0                DCMI_IRQHandler
                0x00000000080002e0                CAN2_RX0_IRQHandler
                0x00000000080002e0                DMA2_Stream3_IRQHandler
                0x00000000080002e0                USART6_IRQHandler
                0x00000000080002e0                USART3_IRQHandler
                0x00000000080002e0                CAN1_RX1_IRQHandler
                0x00000000080002e0                UART5_IRQHandler
                0x00000000080002e0                DMA2_Stream0_IRQHandler
                0x00000000080002e0                TIM4_IRQHandler
                0x00000000080002e0                I2C1_EV_IRQHandler
                0x00000000080002e0                DMA1_Stream6_IRQHandler
                0x00000000080002e0                DMA1_Stream1_IRQHandler
                0x00000000080002e0                UART4_IRQHandler
                0x00000000080002e0                RCC_IRQHandler
                0x00000000080002e0                TIM8_BRK_TIM12_IRQHandler
                0x00000000080002e0                Default_Handler
                0x00000000080002e0                EXTI15_10_IRQHandler
                0x00000000080002e0                ADC_IRQHandler
                0x00000000080002e0                DMA1_Stream7_IRQHandler
                0x00000000080002e0                TIM7_IRQHandler
                0x00000000080002e0                CAN2_TX_IRQHandler
                0x00000000080002e0                TIM5_IRQHandler
                0x00000000080002e0                DMA2_Stream7_IRQHandler
                0x00000000080002e0                I2C3_EV_IRQHandler
                0x00000000080002e0                EXTI9_5_IRQHandler
                0x00000000080002e0                RTC_WKUP_IRQHandler
                0x00000000080002e0                ETH_WKUP_IRQHandler
                0x00000000080002e0                SPI2_IRQHandler
                0x00000000080002e0                OTG_HS_EP1_IN_IRQHandler
                0x00000000080002e0                MemManage_Handler
                0x00000000080002e0                DMA1_Stream0_IRQHandler
                0x00000000080002e0                CAN1_TX_IRQHandler
                0x00000000080002e0                SVC_Handler
                0x00000000080002e0                EXTI4_IRQHandler
                0x00000000080002e0                FSMC_IRQHandler
                0x00000000080002e0                ETH_IRQHandler
                0x00000000080002e0                OTG_HS_EP1_OUT_IRQHandler
                0x00000000080002e0                WWDG_IRQHandler
                0x00000000080002e0                TIM2_IRQHandler
                0x00000000080002e0                OTG_FS_WKUP_IRQHandler
                0x00000000080002e0                TIM1_TRG_COM_TIM11_IRQHandler
                0x00000000080002e0                OTG_HS_IRQHandler
                0x00000000080002e0                EXTI1_IRQHandler
                0x00000000080002e0                USART2_IRQHandler
                0x00000000080002e0                I2C2_ER_IRQHandler
                0x00000000080002e0                DMA2_Stream1_IRQHandler
                0x00000000080002e0                CAN1_SCE_IRQHandler
                0x00000000080002e0                FLASH_IRQHandler
                0x00000000080002e0                DMA2_Stream4_IRQHandler
                0x00000000080002e0                BusFault_Handler
                0x00000000080002e0                USART1_IRQHandler
                0x00000000080002e0                OTG_FS_IRQHandler
                0x00000000080002e0                SPI3_IRQHandler
                0x00000000080002e0                DMA1_Stream4_IRQHandler
                0x00000000080002e0                I2C1_ER_IRQHandler
                0x00000000080002e0                DMA2_Stream6_IRQHandler
                0x00000000080002e0                RTC_Alarm_IRQHandler
 *fill*         0x00000000080002e2        0x2 
 .text.SystemInit
                0x00000000080002e4       0x4c Drivers/CMSIS/Device/ST/STM32F4xx/Source/Templates/system_stm32f4xx.o
                0x00000000080002e4                SystemInit
 .text.HAL_InitTick
                0x0000000008000330       0x28 Drivers/STM32F4xx_HAL_Driver/Src/stm32f4xx_hal.o
                0x0000000008000330                HAL_InitTick
 .text.HAL_Init
                0x0000000008000358       0x34 Drivers/STM32F4xx_HAL_Driver/Src/stm32f4xx_hal.o
                0x0000000008000358                HAL_Init
 .text.HAL_IncTick
                0x000000000800038c       0x10 Drivers/STM32F4xx_HAL_Driver/Src/stm32f4xx_hal.o
                0x000000000800038c                HAL_IncTick
 .text.HAL_GetTick
                0x000000000800039c        0xc Drivers/STM32F4xx_HAL_Driver/Src/stm32f4xx_hal.o
                0x000000000800039c                HAL_GetTick
 .text.HAL_NVIC_SetPriorityGrouping
                0x00000000080003a8       0x24 Drivers/STM32F4xx_HAL_Driver/Src/stm32f4xx_hal_cortex.o
                0x00000000080003a8                HAL_NVIC_SetPriorityGrouping
 .text.HAL_NVIC_SetPriority
                0x00000000080003cc       0x68 Drivers/STM32F4xx_HAL_Driver/Src/stm32f4xx_hal_cortex.o
                0x00000000080003cc                HAL_NVIC_SetPriority
 .text.HAL_NVIC_EnableIRQ
                0x0000000008000434       0x18 Drivers/STM32F4xx_HAL_Driver/Src/stm32f4xx_hal_cortex.o
                0x0000000008000434                HAL_NVIC_EnableIRQ
 .text.HAL_SYSTICK_Config
                0x000000000800044c       0x2c Drivers/STM32F4xx_HAL_Driver/Src/stm32f4xx_hal_cortex.o
                0x000000000800044c                HAL_SYSTICK_Config
 .text.HAL_SYSTICK_CLKSourceConfig
                0x0000000008000478       0x18 Drivers/STM32F4xx_HAL_Driver/Src/stm32f4xx_hal_cortex.o
                0x0000000008000478                HAL_SYSTICK_CLKSourceConfig
 .text.HAL_SYSTICK_Callback
                0x0000000008000490        0x2 Drivers/STM32F4xx_HAL_Driver/Src/stm32f4xx_hal_cortex.o
                0x0000000008000490                HAL_SYSTICK_Callback
 .text.HAL_SYSTICK_IRQHandler
                0x0000000008000492        0x8 Drivers/STM32F4xx_HAL_Driver/Src/stm32f4xx_hal_cortex.o
                0x0000000008000492                HAL_SYSTICK_IRQHandler
 *fill*         0x000000000800049a        0x2 
 .text.HAL_GPIO_Init
                0x000000000800049c      0x1c0 Drivers/STM32F4xx_HAL_Driver/Src/stm32f4xx_hal_gpio.o
                0x000000000800049c                HAL_GPIO_Init
 .text.HAL_GPIO_WritePin
                0x000000000800065c        0x8 Drivers/STM32F4xx_HAL_Driver/Src/stm32f4xx_hal_gpio.o
                0x000000000800065c                HAL_GPIO_WritePin
 .text.HAL_RCC_OscConfig
                0x0000000008000664      0x2d0 Drivers/STM32F4xx_HAL_Driver/Src/stm32f4xx_hal_rcc.o
                0x0000000008000664                HAL_RCC_OscConfig
 .text.HAL_RCC_GetSysClockFreq
                0x0000000008000934       0x7c Drivers/STM32F4xx_HAL_Driver/Src/stm32f4xx_hal_rcc.o
                0x0000000008000934                HAL_RCC_GetSysClockFreq
 .text.HAL_RCC_ClockConfig
                0x00000000080009b0      0x168 Drivers/STM32F4xx_HAL_Driver/Src/stm32f4xx_hal_rcc.o
                0x00000000080009b0                HAL_RCC_ClockConfig
 .text.HAL_RCC_GetHCLKFreq
                0x0000000008000b18        0xc Drivers/STM32F4xx_HAL_Driver/Src/stm32f4xx_hal_rcc.o
                0x0000000008000b18                HAL_RCC_GetHCLKFreq
 .text.HAL_RCC_GetPCLK1Freq
                0x0000000008000b24       0x30 Drivers/STM32F4xx_HAL_Driver/Src/stm32f4xx_hal_rcc.o
                0x0000000008000b24                HAL_RCC_GetPCLK1Freq
 .text.HAL_RCC_GetPCLK2Freq
                0x0000000008000b54       0x30 Drivers/STM32F4xx_HAL_Driver/Src/stm32f4xx_hal_rcc.o
                0x0000000008000b54                HAL_RCC_GetPCLK2Freq
 .text.SPI_WaitFlagStateUntilTimeout
                0x0000000008000b84       0x8e Drivers/STM32F4xx_HAL_Driver/Src/stm32f4xx_hal_spi.o
 .text.SPI_CheckFlag_BSY
                0x0000000008000c12       0x20 Drivers/STM32F4xx_HAL_Driver/Src/stm32f4xx_hal_spi.o
 .text.HAL_SPI_Init
                0x0000000008000c32       0x7a Drivers/STM32F4xx_HAL_Driver/Src/stm32f4xx_hal_spi.o
                0x0000000008000c32                HAL_SPI_Init
 .text.HAL_SPI_Transmit
                0x0000000008000cac      0x15a Drivers/STM32F4xx_HAL_Driver/Src/stm32f4xx_hal_spi.o
                0x0000000008000cac                HAL_SPI_Transmit
 .text.HAL_SPI_TransmitReceive
                0x0000000008000e06      0x214 Drivers/STM32F4xx_HAL_Driver/Src/stm32f4xx_hal_spi.o
                0x0000000008000e06                HAL_SPI_TransmitReceive
 .text.HAL_SPI_Receive
                0x000000000800101a      0x140 Drivers/STM32F4xx_HAL_Driver/Src/stm32f4xx_hal_spi.o
                0x000000000800101a                HAL_SPI_Receive
 .text.HAL_TIM_Base_Start_IT
                0x000000000800115a       0x16 Drivers/STM32F4xx_HAL_Driver/Src/stm32f4xx_hal_tim.o
                0x000000000800115a                HAL_TIM_Base_Start_IT
 .text.HAL_TIM_ConfigClockSource
                0x0000000008001170      0x174 Drivers/STM32F4xx_HAL_Driver/Src/stm32f4xx_hal_tim.o
                0x0000000008001170                HAL_TIM_ConfigClockSource
 .text.HAL_TIM_OC_DelayElapsedCallback
                0x00000000080012e4        0x2 Drivers/STM32F4xx_HAL_Driver/Src/stm32f4xx_hal_tim.o
                0x00000000080012e4                HAL_TIM_OC_DelayElapsedCallback
 .text.HAL_TIM_IC_CaptureCallback
                0x00000000080012e6        0x2 Drivers/STM32F4xx_HAL_Driver/Src/stm32f4xx_hal_tim.o
                0x00000000080012e6                HAL_TIM_IC_CaptureCallback
 .text.HAL_TIM_PWM_PulseFinishedCallback
                0x00000000080012e8        0x2 Drivers/STM32F4xx_HAL_Driver/Src/stm32f4xx_hal_tim.o
                0x00000000080012e8                HAL_TIM_PWM_PulseFinishedCallback
 .text.HAL_TIM_TriggerCallback
                0x00000000080012ea        0x2 Drivers/STM32F4xx_HAL_Driver/Src/stm32f4xx_hal_tim.o
                0x00000000080012ea                HAL_TIM_TriggerCallback
 .text.HAL_TIM_IRQHandler
                0x00000000080012ec      0x144 Drivers/STM32F4xx_HAL_Driver/Src/stm32f4xx_hal_tim.o
                0x00000000080012ec                HAL_TIM_IRQHandler
 .text.TIM_Base_SetConfig
                0x0000000008001430       0xc8 Drivers/STM32F4xx_HAL_Driver/Src/stm32f4xx_hal_tim.o
                0x0000000008001430                TIM_Base_SetConfig
 .text.HAL_TIM_Base_Init
                0x00000000080014f8       0x34 Drivers/STM32F4xx_HAL_Driver/Src/stm32f4xx_hal_tim.o
                0x00000000080014f8                HAL_TIM_Base_Init
 .text.HAL_TIMEx_MasterConfigSynchronization
                0x000000000800152c       0x44 Drivers/STM32F4xx_HAL_Driver/Src/stm32f4xx_hal_tim_ex.o
                0x000000000800152c                HAL_TIMEx_MasterConfigSynchronization
 .text.HAL_TIMEx_CommutationCallback
                0x0000000008001570        0x2 Drivers/STM32F4xx_HAL_Driver/Src/stm32f4xx_hal_tim_ex.o
                0x0000000008001570                HAL_TIMEx_CommutationCallback
 .text.HAL_TIMEx_BreakCallback
                0x0000000008001572        0x2 Drivers/STM32F4xx_HAL_Driver/Src/stm32f4xx_hal_tim_ex.o
                0x0000000008001572                HAL_TIMEx_BreakCallback
 .text.UART_SetConfig
                0x0000000008001574      0x23c Drivers/STM32F4xx_HAL_Driver/Src/stm32f4xx_hal_uart.o
 .text.UART_WaitOnFlagUntilTimeout.constprop.3
                0x00000000080017b0       0x50 Drivers/STM32F4xx_HAL_Driver/Src/stm32f4xx_hal_uart.o
 .text.HAL_UART_Init
                0x0000000008001800       0x5c Drivers/STM32F4xx_HAL_Driver/Src/stm32f4xx_hal_uart.o
                0x0000000008001800                HAL_UART_Init
 .text.HAL_UART_Transmit
                0x000000000800185c       0xbc Drivers/STM32F4xx_HAL_Driver/Src/stm32f4xx_hal_uart.o
                0x000000000800185c                HAL_UART_Transmit
 .text.SystemClock_Config
                0x0000000008001918       0xa8 Src/main.o
                0x0000000008001918                SystemClock_Config
 .text.set_cs_before_communicating_with_acc
                0x00000000080019c0       0x10 Src/main.o
                0x00000000080019c0                set_cs_before_communicating_with_acc
 .text.set_cs_after_communicating_with_acc
                0x00000000080019d0       0x10 Src/main.o
                0x00000000080019d0                set_cs_after_communicating_with_acc
 .text.read_from_acc_reg
                0x00000000080019e0       0x44 Src/main.o
                0x00000000080019e0                read_from_acc_reg
 .text.read_from_acc_reg_with_sign
                0x0000000008001a24       0x44 Src/main.o
                0x0000000008001a24                read_from_acc_reg_with_sign
 .text.write_to_acc_reg
                0x0000000008001a68       0x44 Src/main.o
                0x0000000008001a68                write_to_acc_reg
 .text.acc_who_am_i
                0x0000000008001aac        0x6 Src/main.o
                0x0000000008001aac                acc_who_am_i
 .text.acc_init
                0x0000000008001ab2        0x8 Src/main.o
                0x0000000008001ab2                acc_init
 .text.acc_read_x
                0x0000000008001aba        0x6 Src/main.o
                0x0000000008001aba                acc_read_x
 .text.acc_read_y
                0x0000000008001ac0        0x6 Src/main.o
                0x0000000008001ac0                acc_read_y
 .text.acc_read_z
                0x0000000008001ac6        0x6 Src/main.o
                0x0000000008001ac6                acc_read_z
 .text.send_data_via_uart
                0x0000000008001acc       0x20 Src/main.o
                0x0000000008001acc                send_data_via_uart
 .text.startup.main
                0x0000000008001aec      0x2b8 Src/main.o
                0x0000000008001aec                main
 .text.read_acceleration_and_send
                0x0000000008001da4       0x38 Src/main.o
                0x0000000008001da4                read_acceleration_and_send
 .text.HAL_TIM_PeriodElapsedCallback
                0x0000000008001ddc       0x14 Src/main.o
                0x0000000008001ddc                HAL_TIM_PeriodElapsedCallback
 .text.HAL_MspInit
                0x0000000008001df0       0x60 Src/stm32f4xx_hal_msp.o
                0x0000000008001df0                HAL_MspInit
 .text.HAL_SPI_MspInit
                0x0000000008001e50       0x4c Src/stm32f4xx_hal_msp.o
                0x0000000008001e50                HAL_SPI_MspInit
 .text.HAL_TIM_Base_MspInit
                0x0000000008001e9c       0x3c Src/stm32f4xx_hal_msp.o
                0x0000000008001e9c                HAL_TIM_Base_MspInit
 .text.HAL_UART_MspInit
                0x0000000008001ed8       0x50 Src/stm32f4xx_hal_msp.o
                0x0000000008001ed8                HAL_UART_MspInit
 .text.SysTick_Handler
                0x0000000008001f28        0xe Src/stm32f4xx_it.o
                0x0000000008001f28                SysTick_Handler
 *fill*         0x0000000008001f36        0x2 
 .text.TIM3_IRQHandler
                0x0000000008001f38        0xc Src/stm32f4xx_it.o
                0x0000000008001f38                TIM3_IRQHandler
 .text.__libc_init_array
                0x0000000008001f44       0x4c /Applications/Ac6/SystemWorkbench.app/Contents/Eclipse/plugins/fr.ac6.mcu.externaltools.arm-none.macos64_1.11.0.201610101357/tools/gcc-arm-none-eabi-5_4-2016q2/bin/../lib/gcc/arm-none-eabi/5.4.1/../../../../arm-none-eabi/lib/armv7e-m/fpu/libc_nano.a(lib_a-init.o)
                0x0000000008001f44                __libc_init_array
 .text.sprintf  0x0000000008001f90       0x48 /Applications/Ac6/SystemWorkbench.app/Contents/Eclipse/plugins/fr.ac6.mcu.externaltools.arm-none.macos64_1.11.0.201610101357/tools/gcc-arm-none-eabi-5_4-2016q2/bin/../lib/gcc/arm-none-eabi/5.4.1/../../../../arm-none-eabi/lib/armv7e-m/fpu/libc_nano.a(lib_a-sprintf.o)
                0x0000000008001f90                sprintf
                0x0000000008001f90                siprintf
 .text.__ssputs_r
                0x0000000008001fd8       0xb2 /Applications/Ac6/SystemWorkbench.app/Contents/Eclipse/plugins/fr.ac6.mcu.externaltools.arm-none.macos64_1.11.0.201610101357/tools/gcc-arm-none-eabi-5_4-2016q2/bin/../lib/gcc/arm-none-eabi/5.4.1/../../../../arm-none-eabi/lib/armv7e-m/fpu/libc_nano.a(lib_a-nano-svfprintf.o)
                0x0000000008001fd8                __ssputs_r
 *fill*         0x000000000800208a        0x2 
 .text._svfprintf_r
                0x000000000800208c      0x1e8 /Applications/Ac6/SystemWorkbench.app/Contents/Eclipse/plugins/fr.ac6.mcu.externaltools.arm-none.macos64_1.11.0.201610101357/tools/gcc-arm-none-eabi-5_4-2016q2/bin/../lib/gcc/arm-none-eabi/5.4.1/../../../../arm-none-eabi/lib/armv7e-m/fpu/libc_nano.a(lib_a-nano-svfprintf.o)
                0x000000000800208c                _svfprintf_r
                0x000000000800208c                _svfiprintf_r
 .text._printf_common
                0x0000000008002274       0xec /Applications/Ac6/SystemWorkbench.app/Contents/Eclipse/plugins/fr.ac6.mcu.externaltools.arm-none.macos64_1.11.0.201610101357/tools/gcc-arm-none-eabi-5_4-2016q2/bin/../lib/gcc/arm-none-eabi/5.4.1/../../../../arm-none-eabi/lib/armv7e-m/fpu/libc_nano.a(lib_a-nano-vfprintf_i.o)
                0x0000000008002274                _printf_common
 .text._printf_i
                0x0000000008002360      0x24c /Applications/Ac6/SystemWorkbench.app/Contents/Eclipse/plugins/fr.ac6.mcu.externaltools.arm-none.macos64_1.11.0.201610101357/tools/gcc-arm-none-eabi-5_4-2016q2/bin/../lib/gcc/arm-none-eabi/5.4.1/../../../../arm-none-eabi/lib/armv7e-m/fpu/libc_nano.a(lib_a-nano-vfprintf_i.o)
                0x0000000008002360                _printf_i
 .text.memcpy   0x00000000080025ac       0x16 /Applications/Ac6/SystemWorkbench.app/Contents/Eclipse/plugins/fr.ac6.mcu.externaltools.arm-none.macos64_1.11.0.201610101357/tools/gcc-arm-none-eabi-5_4-2016q2/bin/../lib/gcc/arm-none-eabi/5.4.1/../../../../arm-none-eabi/lib/armv7e-m/fpu/libc_nano.a(lib_a-memcpy-stub.o)
                0x00000000080025ac                memcpy
 .text.memmove  0x00000000080025c2       0x36 /Applications/Ac6/SystemWorkbench.app/Contents/Eclipse/plugins/fr.ac6.mcu.externaltools.arm-none.macos64_1.11.0.201610101357/tools/gcc-arm-none-eabi-5_4-2016q2/bin/../lib/gcc/arm-none-eabi/5.4.1/../../../../arm-none-eabi/lib/armv7e-m/fpu/libc_nano.a(lib_a-memmove.o)
                0x00000000080025c2                memmove
 .text._free_r  0x00000000080025f8       0x9c /Applications/Ac6/SystemWorkbench.app/Contents/Eclipse/plugins/fr.ac6.mcu.externaltools.arm-none.macos64_1.11.0.201610101357/tools/gcc-arm-none-eabi-5_4-2016q2/bin/../lib/gcc/arm-none-eabi/5.4.1/../../../../arm-none-eabi/lib/armv7e-m/fpu/libc_nano.a(lib_a-nano-freer.o)
                0x00000000080025f8                _free_r
 .text._malloc_r
                0x0000000008002694       0xbc /Applications/Ac6/SystemWorkbench.app/Contents/Eclipse/plugins/fr.ac6.mcu.externaltools.arm-none.macos64_1.11.0.201610101357/tools/gcc-arm-none-eabi-5_4-2016q2/bin/../lib/gcc/arm-none-eabi/5.4.1/../../../../arm-none-eabi/lib/armv7e-m/fpu/libc_nano.a(lib_a-nano-mallocr.o)
                0x0000000008002694                _malloc_r
 .text._realloc_r
                0x0000000008002750       0x4c /Applications/Ac6/SystemWorkbench.app/Contents/Eclipse/plugins/fr.ac6.mcu.externaltools.arm-none.macos64_1.11.0.201610101357/tools/gcc-arm-none-eabi-5_4-2016q2/bin/../lib/gcc/arm-none-eabi/5.4.1/../../../../arm-none-eabi/lib/armv7e-m/fpu/libc_nano.a(lib_a-nano-reallocr.o)
                0x0000000008002750                _realloc_r
 .text._sbrk_r  0x000000000800279c       0x20 /Applications/Ac6/SystemWorkbench.app/Contents/Eclipse/plugins/fr.ac6.mcu.externaltools.arm-none.macos64_1.11.0.201610101357/tools/gcc-arm-none-eabi-5_4-2016q2/bin/../lib/gcc/arm-none-eabi/5.4.1/../../../../arm-none-eabi/lib/armv7e-m/fpu/libc_nano.a(lib_a-sbrkr.o)
                0x000000000800279c                _sbrk_r
 .text.__malloc_lock
                0x00000000080027bc        0x2 /Applications/Ac6/SystemWorkbench.app/Contents/Eclipse/plugins/fr.ac6.mcu.externaltools.arm-none.macos64_1.11.0.201610101357/tools/gcc-arm-none-eabi-5_4-2016q2/bin/../lib/gcc/arm-none-eabi/5.4.1/../../../../arm-none-eabi/lib/armv7e-m/fpu/libc_nano.a(lib_a-mlock.o)
                0x00000000080027bc                __malloc_lock
 .text.__malloc_unlock
                0x00000000080027be        0x2 /Applications/Ac6/SystemWorkbench.app/Contents/Eclipse/plugins/fr.ac6.mcu.externaltools.arm-none.macos64_1.11.0.201610101357/tools/gcc-arm-none-eabi-5_4-2016q2/bin/../lib/gcc/arm-none-eabi/5.4.1/../../../../arm-none-eabi/lib/armv7e-m/fpu/libc_nano.a(lib_a-mlock.o)
                0x00000000080027be                __malloc_unlock
 .text._malloc_usable_size_r
                0x00000000080027c0       0x14 /Applications/Ac6/SystemWorkbench.app/Contents/Eclipse/plugins/fr.ac6.mcu.externaltools.arm-none.macos64_1.11.0.201610101357/tools/gcc-arm-none-eabi-5_4-2016q2/bin/../lib/gcc/arm-none-eabi/5.4.1/../../../../arm-none-eabi/lib/armv7e-m/fpu/libc_nano.a(lib_a-nano-msizer.o)
                0x00000000080027c0                _malloc_usable_size_r
 .text._sbrk    0x00000000080027d4       0x1c /Applications/Ac6/SystemWorkbench.app/Contents/Eclipse/plugins/fr.ac6.mcu.externaltools.arm-none.macos64_1.11.0.201610101357/tools/gcc-arm-none-eabi-5_4-2016q2/bin/../lib/gcc/arm-none-eabi/5.4.1/../../../../arm-none-eabi/lib/armv7e-m/fpu/libnosys.a(sbrk.o)
                0x00000000080027d4                _sbrk
 *(.glue_7)
 .glue_7        0x00000000080027f0        0x0 linker stubs
 *(.glue_7t)
 .glue_7t       0x00000000080027f0        0x0 linker stubs
 *(.eh_frame)
 .eh_frame      0x00000000080027f0        0x0 /Applications/Ac6/SystemWorkbench.app/Contents/Eclipse/plugins/fr.ac6.mcu.externaltools.arm-none.macos64_1.11.0.201610101357/tools/gcc-arm-none-eabi-5_4-2016q2/bin/../lib/gcc/arm-none-eabi/5.4.1/armv7e-m/fpu/crtbegin.o
 *(.init)
 .init          0x00000000080027f0        0x4 /Applications/Ac6/SystemWorkbench.app/Contents/Eclipse/plugins/fr.ac6.mcu.externaltools.arm-none.macos64_1.11.0.201610101357/tools/gcc-arm-none-eabi-5_4-2016q2/bin/../lib/gcc/arm-none-eabi/5.4.1/armv7e-m/fpu/crti.o
                0x00000000080027f0                _init
 .init          0x00000000080027f4        0x8 /Applications/Ac6/SystemWorkbench.app/Contents/Eclipse/plugins/fr.ac6.mcu.externaltools.arm-none.macos64_1.11.0.201610101357/tools/gcc-arm-none-eabi-5_4-2016q2/bin/../lib/gcc/arm-none-eabi/5.4.1/armv7e-m/fpu/crtn.o
 *(.fini)
 .fini          0x00000000080027fc        0x4 /Applications/Ac6/SystemWorkbench.app/Contents/Eclipse/plugins/fr.ac6.mcu.externaltools.arm-none.macos64_1.11.0.201610101357/tools/gcc-arm-none-eabi-5_4-2016q2/bin/../lib/gcc/arm-none-eabi/5.4.1/armv7e-m/fpu/crti.o
                0x00000000080027fc                _fini
 .fini          0x0000000008002800        0x8 /Applications/Ac6/SystemWorkbench.app/Contents/Eclipse/plugins/fr.ac6.mcu.externaltools.arm-none.macos64_1.11.0.201610101357/tools/gcc-arm-none-eabi-5_4-2016q2/bin/../lib/gcc/arm-none-eabi/5.4.1/armv7e-m/fpu/crtn.o
                0x0000000008002808                . = ALIGN (0x4)
                0x0000000008002808                _etext = .

.vfp11_veneer   0x0000000008002808        0x0
 .vfp11_veneer  0x0000000008002808        0x0 linker stubs

.v4_bx          0x0000000008002808        0x0
 .v4_bx         0x0000000008002808        0x0 linker stubs

.iplt           0x0000000008002808        0x0
 .iplt          0x0000000008002808        0x0 /Applications/Ac6/SystemWorkbench.app/Contents/Eclipse/plugins/fr.ac6.mcu.externaltools.arm-none.macos64_1.11.0.201610101357/tools/gcc-arm-none-eabi-5_4-2016q2/bin/../lib/gcc/arm-none-eabi/5.4.1/armv7e-m/fpu/crtbegin.o

.rodata         0x0000000008002808       0x84
                0x0000000008002808                . = ALIGN (0x4)
 *(.rodata)
 .rodata        0x0000000008002808       0x10 Drivers/STM32F4xx_HAL_Driver/Src/stm32f4xx_hal_rcc.o
                0x0000000008002808                APBAHBPrescTable
 *(.rodata*)
 .rodata.str1.1
                0x0000000008002818       0x3f Src/main.o
 .rodata.str1.1
                0x0000000008002857        0x2 /Applications/Ac6/SystemWorkbench.app/Contents/Eclipse/plugins/fr.ac6.mcu.externaltools.arm-none.macos64_1.11.0.201610101357/tools/gcc-arm-none-eabi-5_4-2016q2/bin/../lib/gcc/arm-none-eabi/5.4.1/../../../../arm-none-eabi/lib/armv7e-m/fpu/libc_nano.a(lib_a-impure.o)
 .rodata.str1.1
                0x0000000008002859       0x11 /Applications/Ac6/SystemWorkbench.app/Contents/Eclipse/plugins/fr.ac6.mcu.externaltools.arm-none.macos64_1.11.0.201610101357/tools/gcc-arm-none-eabi-5_4-2016q2/bin/../lib/gcc/arm-none-eabi/5.4.1/../../../../arm-none-eabi/lib/armv7e-m/fpu/libc_nano.a(lib_a-nano-svfprintf.o)
 .rodata.str1.1
                0x000000000800286a       0x22 /Applications/Ac6/SystemWorkbench.app/Contents/Eclipse/plugins/fr.ac6.mcu.externaltools.arm-none.macos64_1.11.0.201610101357/tools/gcc-arm-none-eabi-5_4-2016q2/bin/../lib/gcc/arm-none-eabi/5.4.1/../../../../arm-none-eabi/lib/armv7e-m/fpu/libc_nano.a(lib_a-nano-vfprintf_i.o)
                0x000000000800288c                . = ALIGN (0x4)

.rel.dyn        0x000000000800288c        0x0
 .rel.iplt      0x000000000800288c        0x0 /Applications/Ac6/SystemWorkbench.app/Contents/Eclipse/plugins/fr.ac6.mcu.externaltools.arm-none.macos64_1.11.0.201610101357/tools/gcc-arm-none-eabi-5_4-2016q2/bin/../lib/gcc/arm-none-eabi/5.4.1/armv7e-m/fpu/crtbegin.o

.ARM.extab
 *(.ARM.extab* .gnu.linkonce.armextab.*)

.ARM            0x000000000800288c        0x0
                0x000000000800288c                __exidx_start = .
 *(.ARM.exidx*)
                0x000000000800288c                __exidx_end = .

.preinit_array  0x000000000800288c        0x0
                0x000000000800288c                PROVIDE (__preinit_array_start, .)
 *(.preinit_array*)
                0x000000000800288c                PROVIDE (__preinit_array_end, .)

.init_array     0x000000000800288c        0x4
                0x000000000800288c                PROVIDE (__init_array_start, .)
 *(SORT(.init_array.*))
 *(.init_array*)
 .init_array    0x000000000800288c        0x4 /Applications/Ac6/SystemWorkbench.app/Contents/Eclipse/plugins/fr.ac6.mcu.externaltools.arm-none.macos64_1.11.0.201610101357/tools/gcc-arm-none-eabi-5_4-2016q2/bin/../lib/gcc/arm-none-eabi/5.4.1/armv7e-m/fpu/crtbegin.o
                0x0000000008002890                PROVIDE (__init_array_end, .)

.fini_array     0x0000000008002890        0x4
                [!provide]                        PROVIDE (__fini_array_start, .)
 *(SORT(.fini_array.*))
 *(.fini_array*)
 .fini_array    0x0000000008002890        0x4 /Applications/Ac6/SystemWorkbench.app/Contents/Eclipse/plugins/fr.ac6.mcu.externaltools.arm-none.macos64_1.11.0.201610101357/tools/gcc-arm-none-eabi-5_4-2016q2/bin/../lib/gcc/arm-none-eabi/5.4.1/armv7e-m/fpu/crtbegin.o
                [!provide]                        PROVIDE (__fini_array_end, .)
                0x0000000008002894                _sidata = LOADADDR (.data)

.data           0x0000000020000000       0x6c load address 0x0000000008002894
                0x0000000020000000                . = ALIGN (0x4)
                0x0000000020000000                _sdata = .
 *(.data)
 .data          0x0000000020000000        0x4 Drivers/CMSIS/Device/ST/STM32F4xx/Source/Templates/system_stm32f4xx.o
                0x0000000020000000                SystemCoreClock
 .data          0x0000000020000004        0x1 Src/main.o
                0x0000000020000004                acc_read_nonincremented_address_header
 *(.data*)
 *fill*         0x0000000020000005        0x3 
 .data.impure_data
                0x0000000020000008       0x60 /Applications/Ac6/SystemWorkbench.app/Contents/Eclipse/plugins/fr.ac6.mcu.externaltools.arm-none.macos64_1.11.0.201610101357/tools/gcc-arm-none-eabi-5_4-2016q2/bin/../lib/gcc/arm-none-eabi/5.4.1/../../../../arm-none-eabi/lib/armv7e-m/fpu/libc_nano.a(lib_a-impure.o)
 .data._impure_ptr
                0x0000000020000068        0x4 /Applications/Ac6/SystemWorkbench.app/Contents/Eclipse/plugins/fr.ac6.mcu.externaltools.arm-none.macos64_1.11.0.201610101357/tools/gcc-arm-none-eabi-5_4-2016q2/bin/../lib/gcc/arm-none-eabi/5.4.1/../../../../arm-none-eabi/lib/armv7e-m/fpu/libc_nano.a(lib_a-impure.o)
                0x0000000020000068                _impure_ptr
                0x000000002000006c                . = ALIGN (0x4)
                0x000000002000006c                _edata = .
                0x0000000008002900                _siccmram = LOADADDR (.ccmram)

.jcr            0x000000002000006c        0x0 load address 0x0000000008002900
 .jcr           0x000000002000006c        0x0 /Applications/Ac6/SystemWorkbench.app/Contents/Eclipse/plugins/fr.ac6.mcu.externaltools.arm-none.macos64_1.11.0.201610101357/tools/gcc-arm-none-eabi-5_4-2016q2/bin/../lib/gcc/arm-none-eabi/5.4.1/armv7e-m/fpu/crtbegin.o

.igot.plt       0x000000002000006c        0x0 load address 0x0000000008002900
 .igot.plt      0x000000002000006c        0x0 /Applications/Ac6/SystemWorkbench.app/Contents/Eclipse/plugins/fr.ac6.mcu.externaltools.arm-none.macos64_1.11.0.201610101357/tools/gcc-arm-none-eabi-5_4-2016q2/bin/../lib/gcc/arm-none-eabi/5.4.1/armv7e-m/fpu/crtbegin.o

.ccmram         0x0000000010000000        0x0 load address 0x0000000008002900
                0x0000000010000000                . = ALIGN (0x4)
                0x0000000010000000                _sccmram = .
 *(.ccmram)
 *(.ccmram*)
                0x0000000010000000                . = ALIGN (0x4)
                0x0000000010000000                _eccmram = .
                0x0000000010000000                . = ALIGN (0x4)

.bss            0x000000002000006c      0x16c
                0x000000002000006c                _sbss = .
                0x000000002000006c                __bss_start__ = _sbss
 *(.bss)
 .bss           0x000000002000006c       0x1c /Applications/Ac6/SystemWorkbench.app/Contents/Eclipse/plugins/fr.ac6.mcu.externaltools.arm-none.macos64_1.11.0.201610101357/tools/gcc-arm-none-eabi-5_4-2016q2/bin/../lib/gcc/arm-none-eabi/5.4.1/armv7e-m/fpu/crtbegin.o
 .bss           0x0000000020000088        0x1 Src/main.o
                0x0000000020000088                acc_write_nonincremented_address_header
 *(.bss*)
 *fill*         0x0000000020000089        0x3 
 .bss.__malloc_sbrk_start
                0x000000002000008c        0x4 /Applications/Ac6/SystemWorkbench.app/Contents/Eclipse/plugins/fr.ac6.mcu.externaltools.arm-none.macos64_1.11.0.201610101357/tools/gcc-arm-none-eabi-5_4-2016q2/bin/../lib/gcc/arm-none-eabi/5.4.1/../../../../arm-none-eabi/lib/armv7e-m/fpu/libc_nano.a(lib_a-nano-mallocr.o)
                0x000000002000008c                __malloc_sbrk_start
 .bss.__malloc_free_list
                0x0000000020000090        0x4 /Applications/Ac6/SystemWorkbench.app/Contents/Eclipse/plugins/fr.ac6.mcu.externaltools.arm-none.macos64_1.11.0.201610101357/tools/gcc-arm-none-eabi-5_4-2016q2/bin/../lib/gcc/arm-none-eabi/5.4.1/../../../../arm-none-eabi/lib/armv7e-m/fpu/libc_nano.a(lib_a-nano-mallocr.o)
                0x0000000020000090                __malloc_free_list
 .bss.heap_end.4169
                0x0000000020000094        0x4 /Applications/Ac6/SystemWorkbench.app/Contents/Eclipse/plugins/fr.ac6.mcu.externaltools.arm-none.macos64_1.11.0.201610101357/tools/gcc-arm-none-eabi-5_4-2016q2/bin/../lib/gcc/arm-none-eabi/5.4.1/../../../../arm-none-eabi/lib/armv7e-m/fpu/libnosys.a(sbrk.o)
 *(COMMON)
 COMMON         0x0000000020000098        0x4 Drivers/STM32F4xx_HAL_Driver/Src/stm32f4xx_hal.o
                0x0000000020000098                uwTick
 COMMON         0x000000002000009c      0x138 Src/main.o
                0x000000002000009c                htim3
                0x00000000200000d8                string_buffer
                0x000000002000013c                hspi1
                0x0000000020000194                huart2
 COMMON         0x00000000200001d4        0x4 /Applications/Ac6/SystemWorkbench.app/Contents/Eclipse/plugins/fr.ac6.mcu.externaltools.arm-none.macos64_1.11.0.201610101357/tools/gcc-arm-none-eabi-5_4-2016q2/bin/../lib/gcc/arm-none-eabi/5.4.1/../../../../arm-none-eabi/lib/armv7e-m/fpu/libc_nano.a(lib_a-reent.o)
                0x00000000200001d4                errno
                0x00000000200001d8                . = ALIGN (0x4)
                0x00000000200001d8                _ebss = .
                0x00000000200001d8                __bss_end__ = _ebss

._user_heap_stack
                0x00000000200001d8      0x600
                0x00000000200001d8                . = ALIGN (0x8)
                0x00000000200001d8                PROVIDE (end, .)
                [!provide]                        PROVIDE (_end, .)
                0x00000000200003d8                . = (. + _Min_Heap_Size)
 *fill*         0x00000000200001d8      0x200 
                0x00000000200007d8                . = (. + _Min_Stack_Size)
 *fill*         0x00000000200003d8      0x400 
                0x00000000200007d8                . = ALIGN (0x8)

/DISCARD/
 libc.a(*)
 libm.a(*)
 libgcc.a(*)

.ARM.attributes
                0x0000000000000000       0x30
 *(.ARM.attributes)
 .ARM.attributes
                0x0000000000000000       0x22 /Applications/Ac6/SystemWorkbench.app/Contents/Eclipse/plugins/fr.ac6.mcu.externaltools.arm-none.macos64_1.11.0.201610101357/tools/gcc-arm-none-eabi-5_4-2016q2/bin/../lib/gcc/arm-none-eabi/5.4.1/armv7e-m/fpu/crti.o
 .ARM.attributes
                0x0000000000000022       0x34 /Applications/Ac6/SystemWorkbench.app/Contents/Eclipse/plugins/fr.ac6.mcu.externaltools.arm-none.macos64_1.11.0.201610101357/tools/gcc-arm-none-eabi-5_4-2016q2/bin/../lib/gcc/arm-none-eabi/5.4.1/armv7e-m/fpu/crtbegin.o
 .ARM.attributes
                0x0000000000000056       0x21 Drivers/CMSIS/Device/ST/STM32F4xx/Source/Templates/gcc/startup_stm32f407xx.o
 .ARM.attributes
                0x0000000000000077       0x39 Drivers/CMSIS/Device/ST/STM32F4xx/Source/Templates/system_stm32f4xx.o
 .ARM.attributes
                0x00000000000000b0       0x39 Drivers/STM32F4xx_HAL_Driver/Src/stm32f4xx_hal.o
 .ARM.attributes
                0x00000000000000e9       0x39 Drivers/STM32F4xx_HAL_Driver/Src/stm32f4xx_hal_cortex.o
 .ARM.attributes
                0x0000000000000122       0x39 Drivers/STM32F4xx_HAL_Driver/Src/stm32f4xx_hal_gpio.o
 .ARM.attributes
                0x000000000000015b       0x39 Drivers/STM32F4xx_HAL_Driver/Src/stm32f4xx_hal_rcc.o
 .ARM.attributes
                0x0000000000000194       0x39 Drivers/STM32F4xx_HAL_Driver/Src/stm32f4xx_hal_spi.o
 .ARM.attributes
                0x00000000000001cd       0x39 Drivers/STM32F4xx_HAL_Driver/Src/stm32f4xx_hal_tim.o
 .ARM.attributes
                0x0000000000000206       0x39 Drivers/STM32F4xx_HAL_Driver/Src/stm32f4xx_hal_tim_ex.o
 .ARM.attributes
                0x000000000000023f       0x39 Drivers/STM32F4xx_HAL_Driver/Src/stm32f4xx_hal_uart.o
 .ARM.attributes
                0x0000000000000278       0x39 Src/main.o
 .ARM.attributes
                0x00000000000002b1       0x39 Src/stm32f4xx_hal_msp.o
 .ARM.attributes
                0x00000000000002ea       0x39 Src/stm32f4xx_it.o
 .ARM.attributes
                0x0000000000000323       0x34 /Applications/Ac6/SystemWorkbench.app/Contents/Eclipse/plugins/fr.ac6.mcu.externaltools.arm-none.macos64_1.11.0.201610101357/tools/gcc-arm-none-eabi-5_4-2016q2/bin/../lib/gcc/arm-none-eabi/5.4.1/../../../../arm-none-eabi/lib/armv7e-m/fpu/libc_nano.a(lib_a-impure.o)
 .ARM.attributes
                0x0000000000000357       0x34 /Applications/Ac6/SystemWorkbench.app/Contents/Eclipse/plugins/fr.ac6.mcu.externaltools.arm-none.macos64_1.11.0.201610101357/tools/gcc-arm-none-eabi-5_4-2016q2/bin/../lib/gcc/arm-none-eabi/5.4.1/../../../../arm-none-eabi/lib/armv7e-m/fpu/libc_nano.a(lib_a-init.o)
 .ARM.attributes
                0x000000000000038b       0x34 /Applications/Ac6/SystemWorkbench.app/Contents/Eclipse/plugins/fr.ac6.mcu.externaltools.arm-none.macos64_1.11.0.201610101357/tools/gcc-arm-none-eabi-5_4-2016q2/bin/../lib/gcc/arm-none-eabi/5.4.1/../../../../arm-none-eabi/lib/armv7e-m/fpu/libc_nano.a(lib_a-sprintf.o)
 .ARM.attributes
                0x00000000000003bf       0x34 /Applications/Ac6/SystemWorkbench.app/Contents/Eclipse/plugins/fr.ac6.mcu.externaltools.arm-none.macos64_1.11.0.201610101357/tools/gcc-arm-none-eabi-5_4-2016q2/bin/../lib/gcc/arm-none-eabi/5.4.1/../../../../arm-none-eabi/lib/armv7e-m/fpu/libc_nano.a(lib_a-nano-svfprintf.o)
 .ARM.attributes
                0x00000000000003f3       0x34 /Applications/Ac6/SystemWorkbench.app/Contents/Eclipse/plugins/fr.ac6.mcu.externaltools.arm-none.macos64_1.11.0.201610101357/tools/gcc-arm-none-eabi-5_4-2016q2/bin/../lib/gcc/arm-none-eabi/5.4.1/../../../../arm-none-eabi/lib/armv7e-m/fpu/libc_nano.a(lib_a-nano-vfprintf_i.o)
 .ARM.attributes
                0x0000000000000427       0x20 /Applications/Ac6/SystemWorkbench.app/Contents/Eclipse/plugins/fr.ac6.mcu.externaltools.arm-none.macos64_1.11.0.201610101357/tools/gcc-arm-none-eabi-5_4-2016q2/bin/../lib/gcc/arm-none-eabi/5.4.1/../../../../arm-none-eabi/lib/armv7e-m/fpu/libc_nano.a(lib_a-memchr.o)
 .ARM.attributes
                0x0000000000000447       0x34 /Applications/Ac6/SystemWorkbench.app/Contents/Eclipse/plugins/fr.ac6.mcu.externaltools.arm-none.macos64_1.11.0.201610101357/tools/gcc-arm-none-eabi-5_4-2016q2/bin/../lib/gcc/arm-none-eabi/5.4.1/../../../../arm-none-eabi/lib/armv7e-m/fpu/libc_nano.a(lib_a-memcpy-stub.o)
 .ARM.attributes
                0x000000000000047b       0x34 /Applications/Ac6/SystemWorkbench.app/Contents/Eclipse/plugins/fr.ac6.mcu.externaltools.arm-none.macos64_1.11.0.201610101357/tools/gcc-arm-none-eabi-5_4-2016q2/bin/../lib/gcc/arm-none-eabi/5.4.1/../../../../arm-none-eabi/lib/armv7e-m/fpu/libc_nano.a(lib_a-memmove.o)
 .ARM.attributes
                0x00000000000004af       0x34 /Applications/Ac6/SystemWorkbench.app/Contents/Eclipse/plugins/fr.ac6.mcu.externaltools.arm-none.macos64_1.11.0.201610101357/tools/gcc-arm-none-eabi-5_4-2016q2/bin/../lib/gcc/arm-none-eabi/5.4.1/../../../../arm-none-eabi/lib/armv7e-m/fpu/libc_nano.a(lib_a-nano-freer.o)
 .ARM.attributes
                0x00000000000004e3       0x34 /Applications/Ac6/SystemWorkbench.app/Contents/Eclipse/plugins/fr.ac6.mcu.externaltools.arm-none.macos64_1.11.0.201610101357/tools/gcc-arm-none-eabi-5_4-2016q2/bin/../lib/gcc/arm-none-eabi/5.4.1/../../../../arm-none-eabi/lib/armv7e-m/fpu/libc_nano.a(lib_a-nano-mallocr.o)
 .ARM.attributes
                0x0000000000000517       0x34 /Applications/Ac6/SystemWorkbench.app/Contents/Eclipse/plugins/fr.ac6.mcu.externaltools.arm-none.macos64_1.11.0.201610101357/tools/gcc-arm-none-eabi-5_4-2016q2/bin/../lib/gcc/arm-none-eabi/5.4.1/../../../../arm-none-eabi/lib/armv7e-m/fpu/libc_nano.a(lib_a-nano-reallocr.o)
 .ARM.attributes
                0x000000000000054b       0x34 /Applications/Ac6/SystemWorkbench.app/Contents/Eclipse/plugins/fr.ac6.mcu.externaltools.arm-none.macos64_1.11.0.201610101357/tools/gcc-arm-none-eabi-5_4-2016q2/bin/../lib/gcc/arm-none-eabi/5.4.1/../../../../arm-none-eabi/lib/armv7e-m/fpu/libc_nano.a(lib_a-sbrkr.o)
 .ARM.attributes
                0x000000000000057f       0x34 /Applications/Ac6/SystemWorkbench.app/Contents/Eclipse/plugins/fr.ac6.mcu.externaltools.arm-none.macos64_1.11.0.201610101357/tools/gcc-arm-none-eabi-5_4-2016q2/bin/../lib/gcc/arm-none-eabi/5.4.1/../../../../arm-none-eabi/lib/armv7e-m/fpu/libc_nano.a(lib_a-mlock.o)
 .ARM.attributes
                0x00000000000005b3       0x34 /Applications/Ac6/SystemWorkbench.app/Contents/Eclipse/plugins/fr.ac6.mcu.externaltools.arm-none.macos64_1.11.0.201610101357/tools/gcc-arm-none-eabi-5_4-2016q2/bin/../lib/gcc/arm-none-eabi/5.4.1/../../../../arm-none-eabi/lib/armv7e-m/fpu/libc_nano.a(lib_a-nano-msizer.o)
 .ARM.attributes
                0x00000000000005e7       0x34 /Applications/Ac6/SystemWorkbench.app/Contents/Eclipse/plugins/fr.ac6.mcu.externaltools.arm-none.macos64_1.11.0.201610101357/tools/gcc-arm-none-eabi-5_4-2016q2/bin/../lib/gcc/arm-none-eabi/5.4.1/../../../../arm-none-eabi/lib/armv7e-m/fpu/libc_nano.a(lib_a-reent.o)
 .ARM.attributes
                0x000000000000061b       0x34 /Applications/Ac6/SystemWorkbench.app/Contents/Eclipse/plugins/fr.ac6.mcu.externaltools.arm-none.macos64_1.11.0.201610101357/tools/gcc-arm-none-eabi-5_4-2016q2/bin/../lib/gcc/arm-none-eabi/5.4.1/../../../../arm-none-eabi/lib/armv7e-m/fpu/libnosys.a(sbrk.o)
 .ARM.attributes
                0x000000000000064f       0x22 /Applications/Ac6/SystemWorkbench.app/Contents/Eclipse/plugins/fr.ac6.mcu.externaltools.arm-none.macos64_1.11.0.201610101357/tools/gcc-arm-none-eabi-5_4-2016q2/bin/../lib/gcc/arm-none-eabi/5.4.1/armv7e-m/fpu/crtn.o
OUTPUT(LIS302DL.elf elf32-littlearm)

.debug_line     0x0000000000000000     0x98ea
 .debug_line    0x0000000000000000       0xae Drivers/CMSIS/Device/ST/STM32F4xx/Source/Templates/gcc/startup_stm32f407xx.o
 .debug_line    0x00000000000000ae      0x947 Drivers/CMSIS/Device/ST/STM32F4xx/Source/Templates/system_stm32f4xx.o
 .debug_line    0x00000000000009f5      0xa77 Drivers/STM32F4xx_HAL_Driver/Src/stm32f4xx_hal.o
 .debug_line    0x000000000000146c      0xaeb Drivers/STM32F4xx_HAL_Driver/Src/stm32f4xx_hal_cortex.o
 .debug_line    0x0000000000001f57      0xabd Drivers/STM32F4xx_HAL_Driver/Src/stm32f4xx_hal_gpio.o
 .debug_line    0x0000000000002a14      0xbf8 Drivers/STM32F4xx_HAL_Driver/Src/stm32f4xx_hal_rcc.o
 .debug_line    0x000000000000360c     0x10b1 Drivers/STM32F4xx_HAL_Driver/Src/stm32f4xx_hal_spi.o
 .debug_line    0x00000000000046bd     0x174a Drivers/STM32F4xx_HAL_Driver/Src/stm32f4xx_hal_tim.o
 .debug_line    0x0000000000005e07      0xce3 Drivers/STM32F4xx_HAL_Driver/Src/stm32f4xx_hal_tim_ex.o
 .debug_line    0x0000000000006aea     0x106a Drivers/STM32F4xx_HAL_Driver/Src/stm32f4xx_hal_uart.o
 .debug_line    0x0000000000007b54      0xb00 Src/main.o
 .debug_line    0x0000000000008654      0x990 Src/stm32f4xx_hal_msp.o
 .debug_line    0x0000000000008fe4      0x906 Src/stm32f4xx_it.o

.debug_info     0x0000000000000000     0xcdb4
 .debug_info    0x0000000000000000       0xb6 Drivers/CMSIS/Device/ST/STM32F4xx/Source/Templates/gcc/startup_stm32f407xx.o
 .debug_info    0x00000000000000b6      0x4da Drivers/CMSIS/Device/ST/STM32F4xx/Source/Templates/system_stm32f4xx.o
 .debug_info    0x0000000000000590      0x8e0 Drivers/STM32F4xx_HAL_Driver/Src/stm32f4xx_hal.o
 .debug_info    0x0000000000000e70      0xe7f Drivers/STM32F4xx_HAL_Driver/Src/stm32f4xx_hal_cortex.o
 .debug_info    0x0000000000001cef      0x731 Drivers/STM32F4xx_HAL_Driver/Src/stm32f4xx_hal_gpio.o
 .debug_info    0x0000000000002420      0xc97 Drivers/STM32F4xx_HAL_Driver/Src/stm32f4xx_hal_rcc.o
 .debug_info    0x00000000000030b7     0x183c Drivers/STM32F4xx_HAL_Driver/Src/stm32f4xx_hal_spi.o
 .debug_info    0x00000000000048f3     0x2eaa Drivers/STM32F4xx_HAL_Driver/Src/stm32f4xx_hal_tim.o
 .debug_info    0x000000000000779d      0xf6f Drivers/STM32F4xx_HAL_Driver/Src/stm32f4xx_hal_tim_ex.o
 .debug_info    0x000000000000870c     0x1295 Drivers/STM32F4xx_HAL_Driver/Src/stm32f4xx_hal_uart.o
 .debug_info    0x00000000000099a1     0x1c4b Src/main.o
 .debug_info    0x000000000000b5ec     0x11d7 Src/stm32f4xx_hal_msp.o
 .debug_info    0x000000000000c7c3      0x5f1 Src/stm32f4xx_it.o

.debug_abbrev   0x0000000000000000     0x1dd2
 .debug_abbrev  0x0000000000000000       0x12 Drivers/CMSIS/Device/ST/STM32F4xx/Source/Templates/gcc/startup_stm32f407xx.o
 .debug_abbrev  0x0000000000000012      0x104 Drivers/CMSIS/Device/ST/STM32F4xx/Source/Templates/system_stm32f4xx.o
 .debug_abbrev  0x0000000000000116      0x247 Drivers/STM32F4xx_HAL_Driver/Src/stm32f4xx_hal.o
 .debug_abbrev  0x000000000000035d      0x332 Drivers/STM32F4xx_HAL_Driver/Src/stm32f4xx_hal_cortex.o
 .debug_abbrev  0x000000000000068f      0x1cb Drivers/STM32F4xx_HAL_Driver/Src/stm32f4xx_hal_gpio.o
 .debug_abbrev  0x000000000000085a      0x321 Drivers/STM32F4xx_HAL_Driver/Src/stm32f4xx_hal_rcc.o
 .debug_abbrev  0x0000000000000b7b      0x33a Drivers/STM32F4xx_HAL_Driver/Src/stm32f4xx_hal_spi.o
 .debug_abbrev  0x0000000000000eb5      0x314 Drivers/STM32F4xx_HAL_Driver/Src/stm32f4xx_hal_tim.o
 .debug_abbrev  0x00000000000011c9      0x273 Drivers/STM32F4xx_HAL_Driver/Src/stm32f4xx_hal_tim_ex.o
 .debug_abbrev  0x000000000000143c      0x2ef Drivers/STM32F4xx_HAL_Driver/Src/stm32f4xx_hal_uart.o
 .debug_abbrev  0x000000000000172b      0x378 Src/main.o
 .debug_abbrev  0x0000000000001aa3      0x1bb Src/stm32f4xx_hal_msp.o
 .debug_abbrev  0x0000000000001c5e      0x174 Src/stm32f4xx_it.o

.debug_aranges  0x0000000000000000      0x938
 .debug_aranges
                0x0000000000000000       0x28 Drivers/CMSIS/Device/ST/STM32F4xx/Source/Templates/gcc/startup_stm32f407xx.o
 .debug_aranges
                0x0000000000000028       0x28 Drivers/CMSIS/Device/ST/STM32F4xx/Source/Templates/system_stm32f4xx.o
 .debug_aranges
                0x0000000000000050       0xb8 Drivers/STM32F4xx_HAL_Driver/Src/stm32f4xx_hal.o
 .debug_aranges
                0x0000000000000108       0x98 Drivers/STM32F4xx_HAL_Driver/Src/stm32f4xx_hal_cortex.o
 .debug_aranges
                0x00000000000001a0       0x58 Drivers/STM32F4xx_HAL_Driver/Src/stm32f4xx_hal_gpio.o
 .debug_aranges
                0x00000000000001f8       0x80 Drivers/STM32F4xx_HAL_Driver/Src/stm32f4xx_hal_rcc.o
 .debug_aranges
                0x0000000000000278      0x150 Drivers/STM32F4xx_HAL_Driver/Src/stm32f4xx_hal_spi.o
 .debug_aranges
                0x00000000000003c8      0x250 Drivers/STM32F4xx_HAL_Driver/Src/stm32f4xx_hal_tim.o
 .debug_aranges
                0x0000000000000618       0xf0 Drivers/STM32F4xx_HAL_Driver/Src/stm32f4xx_hal_tim_ex.o
 .debug_aranges
                0x0000000000000708      0x120 Drivers/STM32F4xx_HAL_Driver/Src/stm32f4xx_hal_uart.o
 .debug_aranges
                0x0000000000000828       0x98 Src/main.o
 .debug_aranges
                0x00000000000008c0       0x50 Src/stm32f4xx_hal_msp.o
 .debug_aranges
                0x0000000000000910       0x28 Src/stm32f4xx_it.o

.debug_ranges   0x0000000000000000      0xc30
 .debug_ranges  0x0000000000000000       0x20 Drivers/CMSIS/Device/ST/STM32F4xx/Source/Templates/gcc/startup_stm32f407xx.o
 .debug_ranges  0x0000000000000020       0x18 Drivers/CMSIS/Device/ST/STM32F4xx/Source/Templates/system_stm32f4xx.o
 .debug_ranges  0x0000000000000038       0xa8 Drivers/STM32F4xx_HAL_Driver/Src/stm32f4xx_hal.o
 .debug_ranges  0x00000000000000e0      0x148 Drivers/STM32F4xx_HAL_Driver/Src/stm32f4xx_hal_cortex.o
 .debug_ranges  0x0000000000000228       0x70 Drivers/STM32F4xx_HAL_Driver/Src/stm32f4xx_hal_gpio.o
 .debug_ranges  0x0000000000000298      0x150 Drivers/STM32F4xx_HAL_Driver/Src/stm32f4xx_hal_rcc.o
 .debug_ranges  0x00000000000003e8      0x170 Drivers/STM32F4xx_HAL_Driver/Src/stm32f4xx_hal_spi.o
 .debug_ranges  0x0000000000000558      0x330 Drivers/STM32F4xx_HAL_Driver/Src/stm32f4xx_hal_tim.o
 .debug_ranges  0x0000000000000888       0xe0 Drivers/STM32F4xx_HAL_Driver/Src/stm32f4xx_hal_tim_ex.o
 .debug_ranges  0x0000000000000968      0x128 Drivers/STM32F4xx_HAL_Driver/Src/stm32f4xx_hal_uart.o
 .debug_ranges  0x0000000000000a90       0xf8 Src/main.o
 .debug_ranges  0x0000000000000b88       0x90 Src/stm32f4xx_hal_msp.o
 .debug_ranges  0x0000000000000c18       0x18 Src/stm32f4xx_it.o

.debug_loc      0x0000000000000000     0x7237
 .debug_loc     0x0000000000000000       0xd7 Drivers/CMSIS/Device/ST/STM32F4xx/Source/Templates/system_stm32f4xx.o
 .debug_loc     0x00000000000000d7       0x92 Drivers/STM32F4xx_HAL_Driver/Src/stm32f4xx_hal.o
 .debug_loc     0x0000000000000169      0x4ab Drivers/STM32F4xx_HAL_Driver/Src/stm32f4xx_hal_cortex.o
 .debug_loc     0x0000000000000614      0x374 Drivers/STM32F4xx_HAL_Driver/Src/stm32f4xx_hal_gpio.o
 .debug_loc     0x0000000000000988      0x49b Drivers/STM32F4xx_HAL_Driver/Src/stm32f4xx_hal_rcc.o
 .debug_loc     0x0000000000000e23     0x1725 Drivers/STM32F4xx_HAL_Driver/Src/stm32f4xx_hal_spi.o
 .debug_loc     0x0000000000002548     0x3146 Drivers/STM32F4xx_HAL_Driver/Src/stm32f4xx_hal_tim.o
 .debug_loc     0x000000000000568e      0x7b9 Drivers/STM32F4xx_HAL_Driver/Src/stm32f4xx_hal_tim_ex.o
 .debug_loc     0x0000000000005e47     0x11a0 Drivers/STM32F4xx_HAL_Driver/Src/stm32f4xx_hal_uart.o
 .debug_loc     0x0000000000006fe7      0x169 Src/main.o
 .debug_loc     0x0000000000007150       0xe7 Src/stm32f4xx_hal_msp.o

.debug_macro    0x0000000000000000    0x14fa9
 .debug_macro   0x0000000000000000      0x318 Drivers/CMSIS/Device/ST/STM32F4xx/Source/Templates/system_stm32f4xx.o
 .debug_macro   0x0000000000000318      0x89e Drivers/CMSIS/Device/ST/STM32F4xx/Source/Templates/system_stm32f4xx.o
 .debug_macro   0x0000000000000bb6       0x31 Drivers/CMSIS/Device/ST/STM32F4xx/Source/Templates/system_stm32f4xx.o
 .debug_macro   0x0000000000000be7       0x28 Drivers/CMSIS/Device/ST/STM32F4xx/Source/Templates/system_stm32f4xx.o
 .debug_macro   0x0000000000000c0f       0x22 Drivers/CMSIS/Device/ST/STM32F4xx/Source/Templates/system_stm32f4xx.o
 .debug_macro   0x0000000000000c31       0x87 Drivers/CMSIS/Device/ST/STM32F4xx/Source/Templates/system_stm32f4xx.o
 .debug_macro   0x0000000000000cb8       0x44 Drivers/CMSIS/Device/ST/STM32F4xx/Source/Templates/system_stm32f4xx.o
 .debug_macro   0x0000000000000cfc       0xfd Drivers/CMSIS/Device/ST/STM32F4xx/Source/Templates/system_stm32f4xx.o
 .debug_macro   0x0000000000000df9       0x5e Drivers/CMSIS/Device/ST/STM32F4xx/Source/Templates/system_stm32f4xx.o
 .debug_macro   0x0000000000000e57      0x1df Drivers/CMSIS/Device/ST/STM32F4xx/Source/Templates/system_stm32f4xx.o
 .debug_macro   0x0000000000001036       0x35 Drivers/CMSIS/Device/ST/STM32F4xx/Source/Templates/system_stm32f4xx.o
 .debug_macro   0x000000000000106b       0x50 Drivers/CMSIS/Device/ST/STM32F4xx/Source/Templates/system_stm32f4xx.o
 .debug_macro   0x00000000000010bb      0xe66 Drivers/CMSIS/Device/ST/STM32F4xx/Source/Templates/system_stm32f4xx.o
 .debug_macro   0x0000000000001f21     0x93f9 Drivers/CMSIS/Device/ST/STM32F4xx/Source/Templates/system_stm32f4xx.o
 .debug_macro   0x000000000000b31a       0x43 Drivers/CMSIS/Device/ST/STM32F4xx/Source/Templates/system_stm32f4xx.o
 .debug_macro   0x000000000000b35d      0x14e Drivers/CMSIS/Device/ST/STM32F4xx/Source/Templates/system_stm32f4xx.o
 .debug_macro   0x000000000000b4ab      0x185 Drivers/CMSIS/Device/ST/STM32F4xx/Source/Templates/system_stm32f4xx.o
 .debug_macro   0x000000000000b630     0x347f Drivers/CMSIS/Device/ST/STM32F4xx/Source/Templates/system_stm32f4xx.o
 .debug_macro   0x000000000000eaaf       0x52 Drivers/CMSIS/Device/ST/STM32F4xx/Source/Templates/system_stm32f4xx.o
 .debug_macro   0x000000000000eb01       0x35 Drivers/CMSIS/Device/ST/STM32F4xx/Source/Templates/system_stm32f4xx.o
 .debug_macro   0x000000000000eb36       0x9c Drivers/CMSIS/Device/ST/STM32F4xx/Source/Templates/system_stm32f4xx.o
 .debug_macro   0x000000000000ebd2       0x16 Drivers/CMSIS/Device/ST/STM32F4xx/Source/Templates/system_stm32f4xx.o
 .debug_macro   0x000000000000ebe8       0x97 Drivers/CMSIS/Device/ST/STM32F4xx/Source/Templates/system_stm32f4xx.o
 .debug_macro   0x000000000000ec7f      0x30d Drivers/CMSIS/Device/ST/STM32F4xx/Source/Templates/system_stm32f4xx.o
 .debug_macro   0x000000000000ef8c       0xfd Drivers/CMSIS/Device/ST/STM32F4xx/Source/Templates/system_stm32f4xx.o
 .debug_macro   0x000000000000f089       0x10 Drivers/CMSIS/Device/ST/STM32F4xx/Source/Templates/system_stm32f4xx.o
 .debug_macro   0x000000000000f099       0x52 Drivers/CMSIS/Device/ST/STM32F4xx/Source/Templates/system_stm32f4xx.o
 .debug_macro   0x000000000000f0eb       0x1f Drivers/CMSIS/Device/ST/STM32F4xx/Source/Templates/system_stm32f4xx.o
 .debug_macro   0x000000000000f10a       0x43 Drivers/CMSIS/Device/ST/STM32F4xx/Source/Templates/system_stm32f4xx.o
 .debug_macro   0x000000000000f14d       0x20 Drivers/CMSIS/Device/ST/STM32F4xx/Source/Templates/system_stm32f4xx.o
 .debug_macro   0x000000000000f16d      0x187 Drivers/CMSIS/Device/ST/STM32F4xx/Source/Templates/system_stm32f4xx.o
 .debug_macro   0x000000000000f2f4       0x10 Drivers/CMSIS/Device/ST/STM32F4xx/Source/Templates/system_stm32f4xx.o
 .debug_macro   0x000000000000f304       0x1c Drivers/CMSIS/Device/ST/STM32F4xx/Source/Templates/system_stm32f4xx.o
 .debug_macro   0x000000000000f320       0x52 Drivers/CMSIS/Device/ST/STM32F4xx/Source/Templates/system_stm32f4xx.o
 .debug_macro   0x000000000000f372       0x40 Drivers/CMSIS/Device/ST/STM32F4xx/Source/Templates/system_stm32f4xx.o
 .debug_macro   0x000000000000f3b2       0x10 Drivers/CMSIS/Device/ST/STM32F4xx/Source/Templates/system_stm32f4xx.o
 .debug_macro   0x000000000000f3c2       0x40 Drivers/CMSIS/Device/ST/STM32F4xx/Source/Templates/system_stm32f4xx.o
 .debug_macro   0x000000000000f402       0xd7 Drivers/CMSIS/Device/ST/STM32F4xx/Source/Templates/system_stm32f4xx.o
 .debug_macro   0x000000000000f4d9       0x16 Drivers/CMSIS/Device/ST/STM32F4xx/Source/Templates/system_stm32f4xx.o
 .debug_macro   0x000000000000f4ef      0x189 Drivers/CMSIS/Device/ST/STM32F4xx/Source/Templates/system_stm32f4xx.o
 .debug_macro   0x000000000000f678       0x50 Drivers/CMSIS/Device/ST/STM32F4xx/Source/Templates/system_stm32f4xx.o
 .debug_macro   0x000000000000f6c8      0x964 Drivers/CMSIS/Device/ST/STM32F4xx/Source/Templates/system_stm32f4xx.o
 .debug_macro   0x000000000001002c      0x9e1 Drivers/CMSIS/Device/ST/STM32F4xx/Source/Templates/system_stm32f4xx.o
 .debug_macro   0x0000000000010a0d      0x11e Drivers/CMSIS/Device/ST/STM32F4xx/Source/Templates/system_stm32f4xx.o
 .debug_macro   0x0000000000010b2b      0x13e Drivers/CMSIS/Device/ST/STM32F4xx/Source/Templates/system_stm32f4xx.o
 .debug_macro   0x0000000000010c69       0x27 Drivers/CMSIS/Device/ST/STM32F4xx/Source/Templates/system_stm32f4xx.o
 .debug_macro   0x0000000000010c90      0x287 Drivers/CMSIS/Device/ST/STM32F4xx/Source/Templates/system_stm32f4xx.o
 .debug_macro   0x0000000000010f17       0x5f Drivers/CMSIS/Device/ST/STM32F4xx/Source/Templates/system_stm32f4xx.o
 .debug_macro   0x0000000000010f76      0x23a Drivers/CMSIS/Device/ST/STM32F4xx/Source/Templates/system_stm32f4xx.o
 .debug_macro   0x00000000000111b0      0x13a Drivers/CMSIS/Device/ST/STM32F4xx/Source/Templates/system_stm32f4xx.o
 .debug_macro   0x00000000000112ea      0x21e Drivers/CMSIS/Device/ST/STM32F4xx/Source/Templates/system_stm32f4xx.o
 .debug_macro   0x0000000000011508       0x2e Drivers/CMSIS/Device/ST/STM32F4xx/Source/Templates/system_stm32f4xx.o
 .debug_macro   0x0000000000011536      0x11e Drivers/CMSIS/Device/ST/STM32F4xx/Source/Templates/system_stm32f4xx.o
 .debug_macro   0x0000000000011654       0x7f Drivers/CMSIS/Device/ST/STM32F4xx/Source/Templates/system_stm32f4xx.o
 .debug_macro   0x00000000000116d3       0x89 Drivers/CMSIS/Device/ST/STM32F4xx/Source/Templates/system_stm32f4xx.o
 .debug_macro   0x000000000001175c      0x202 Drivers/CMSIS/Device/ST/STM32F4xx/Source/Templates/system_stm32f4xx.o
 .debug_macro   0x000000000001195e      0x6d9 Drivers/CMSIS/Device/ST/STM32F4xx/Source/Templates/system_stm32f4xx.o
 .debug_macro   0x0000000000012037       0x5b Drivers/CMSIS/Device/ST/STM32F4xx/Source/Templates/system_stm32f4xx.o
 .debug_macro   0x0000000000012092      0x14d Drivers/CMSIS/Device/ST/STM32F4xx/Source/Templates/system_stm32f4xx.o
 .debug_macro   0x00000000000121df      0x287 Drivers/CMSIS/Device/ST/STM32F4xx/Source/Templates/system_stm32f4xx.o
 .debug_macro   0x0000000000012466      0x125 Drivers/CMSIS/Device/ST/STM32F4xx/Source/Templates/system_stm32f4xx.o
 .debug_macro   0x000000000001258b      0x360 Drivers/STM32F4xx_HAL_Driver/Src/stm32f4xx_hal.o
 .debug_macro   0x00000000000128eb      0x312 Drivers/STM32F4xx_HAL_Driver/Src/stm32f4xx_hal_cortex.o
 .debug_macro   0x0000000000012bfd      0x34a Drivers/STM32F4xx_HAL_Driver/Src/stm32f4xx_hal_gpio.o
 .debug_macro   0x0000000000012f47      0x33c Drivers/STM32F4xx_HAL_Driver/Src/stm32f4xx_hal_rcc.o
 .debug_macro   0x0000000000013283      0x31a Drivers/STM32F4xx_HAL_Driver/Src/stm32f4xx_hal_spi.o
 .debug_macro   0x000000000001359d      0x313 Drivers/STM32F4xx_HAL_Driver/Src/stm32f4xx_hal_tim.o
 .debug_macro   0x00000000000138b0      0x312 Drivers/STM32F4xx_HAL_Driver/Src/stm32f4xx_hal_tim_ex.o
 .debug_macro   0x0000000000013bc2      0x313 Drivers/STM32F4xx_HAL_Driver/Src/stm32f4xx_hal_uart.o
 .debug_macro   0x0000000000013ed5      0x33a Src/main.o
 .debug_macro   0x000000000001420f       0x4c Src/main.o
 .debug_macro   0x000000000001425b       0x8d Src/main.o
 .debug_macro   0x00000000000142e8       0x4a Src/main.o
 .debug_macro   0x0000000000014332       0x82 Src/main.o
 .debug_macro   0x00000000000143b4      0x45d Src/main.o
 .debug_macro   0x0000000000014811       0xa2 Src/main.o
 .debug_macro   0x00000000000148b3       0x8d Src/main.o
 .debug_macro   0x0000000000014940       0x3b Src/main.o
 .debug_macro   0x000000000001497b      0x312 Src/stm32f4xx_hal_msp.o
 .debug_macro   0x0000000000014c8d      0x31c Src/stm32f4xx_it.o

.debug_str      0x0000000000000000    0x7240a
 .debug_str     0x0000000000000000    0x6dfd7 Drivers/CMSIS/Device/ST/STM32F4xx/Source/Templates/system_stm32f4xx.o
                                      0x6e277 (size before relaxing)
 .debug_str     0x000000000006dfd7      0x9e3 Drivers/STM32F4xx_HAL_Driver/Src/stm32f4xx_hal.o
                                      0x6ec3e (size before relaxing)
 .debug_str     0x000000000006e9ba      0x32a Drivers/STM32F4xx_HAL_Driver/Src/stm32f4xx_hal_cortex.o
                                      0x6eaa9 (size before relaxing)
 .debug_str     0x000000000006ece4      0x2f2 Drivers/STM32F4xx_HAL_Driver/Src/stm32f4xx_hal_gpio.o
                                      0x6e4ce (size before relaxing)
 .debug_str     0x000000000006efd6      0x37d Drivers/STM32F4xx_HAL_Driver/Src/stm32f4xx_hal_rcc.o
                                      0x6e65d (size before relaxing)
 .debug_str     0x000000000006f353      0x7ca Drivers/STM32F4xx_HAL_Driver/Src/stm32f4xx_hal_spi.o
                                      0x6e910 (size before relaxing)
 .debug_str     0x000000000006fb1d      0xbfa Drivers/STM32F4xx_HAL_Driver/Src/stm32f4xx_hal_tim.o
                                      0x6efdc (size before relaxing)
 .debug_str     0x0000000000070717      0x419 Drivers/STM32F4xx_HAL_Driver/Src/stm32f4xx_hal_tim_ex.o
                                      0x6ea2b (size before relaxing)
 .debug_str     0x0000000000070b30      0x4a1 Drivers/STM32F4xx_HAL_Driver/Src/stm32f4xx_hal_uart.o
                                      0x6e8d4 (size before relaxing)
 .debug_str     0x0000000000070fd1     0x134e Src/main.o
                                      0x704c0 (size before relaxing)
 .debug_str     0x000000000007231f       0xa3 Src/stm32f4xx_hal_msp.o
                                      0x6ef24 (size before relaxing)
 .debug_str     0x00000000000723c2       0x48 Src/stm32f4xx_it.o
                                      0x6e4ee (size before relaxing)

.comment        0x0000000000000000       0x6e
 .comment       0x0000000000000000       0x6e Drivers/CMSIS/Device/ST/STM32F4xx/Source/Templates/system_stm32f4xx.o
                                         0x6f (size before relaxing)
 .comment       0x000000000000006e       0x6f Drivers/STM32F4xx_HAL_Driver/Src/stm32f4xx_hal.o
 .comment       0x000000000000006e       0x6f Drivers/STM32F4xx_HAL_Driver/Src/stm32f4xx_hal_cortex.o
 .comment       0x000000000000006e       0x6f Drivers/STM32F4xx_HAL_Driver/Src/stm32f4xx_hal_gpio.o
 .comment       0x000000000000006e       0x6f Drivers/STM32F4xx_HAL_Driver/Src/stm32f4xx_hal_rcc.o
 .comment       0x000000000000006e       0x6f Drivers/STM32F4xx_HAL_Driver/Src/stm32f4xx_hal_spi.o
 .comment       0x000000000000006e       0x6f Drivers/STM32F4xx_HAL_Driver/Src/stm32f4xx_hal_tim.o
 .comment       0x000000000000006e       0x6f Drivers/STM32F4xx_HAL_Driver/Src/stm32f4xx_hal_tim_ex.o
 .comment       0x000000000000006e       0x6f Drivers/STM32F4xx_HAL_Driver/Src/stm32f4xx_hal_uart.o
 .comment       0x000000000000006e       0x6f Src/main.o
 .comment       0x000000000000006e       0x6f Src/stm32f4xx_hal_msp.o
 .comment       0x000000000000006e       0x6f Src/stm32f4xx_it.o

.debug_frame    0x0000000000000000     0x1e48
 .debug_frame   0x0000000000000000       0x30 Drivers/CMSIS/Device/ST/STM32F4xx/Source/Templates/system_stm32f4xx.o
 .debug_frame   0x0000000000000030      0x184 Drivers/STM32F4xx_HAL_Driver/Src/stm32f4xx_hal.o
 .debug_frame   0x00000000000001b4      0x130 Drivers/STM32F4xx_HAL_Driver/Src/stm32f4xx_hal_cortex.o
 .debug_frame   0x00000000000002e4       0xd4 Drivers/STM32F4xx_HAL_Driver/Src/stm32f4xx_hal_gpio.o
 .debug_frame   0x00000000000003b8      0x138 Drivers/STM32F4xx_HAL_Driver/Src/stm32f4xx_hal_rcc.o
 .debug_frame   0x00000000000004f0      0x490 Drivers/STM32F4xx_HAL_Driver/Src/stm32f4xx_hal_spi.o
 .debug_frame   0x0000000000000980      0x854 Drivers/STM32F4xx_HAL_Driver/Src/stm32f4xx_hal_tim.o
 .debug_frame   0x00000000000011d4      0x334 Drivers/STM32F4xx_HAL_Driver/Src/stm32f4xx_hal_tim_ex.o
 .debug_frame   0x0000000000001508      0x374 Drivers/STM32F4xx_HAL_Driver/Src/stm32f4xx_hal_uart.o
 .debug_frame   0x000000000000187c      0x178 Src/main.o
 .debug_frame   0x00000000000019f4       0xa4 Src/stm32f4xx_hal_msp.o
 .debug_frame   0x0000000000001a98       0x3c Src/stm32f4xx_it.o
 .debug_frame   0x0000000000001ad4       0x2c /Applications/Ac6/SystemWorkbench.app/Contents/Eclipse/plugins/fr.ac6.mcu.externaltools.arm-none.macos64_1.11.0.201610101357/tools/gcc-arm-none-eabi-5_4-2016q2/bin/../lib/gcc/arm-none-eabi/5.4.1/../../../../arm-none-eabi/lib/armv7e-m/fpu/libc_nano.a(lib_a-init.o)
 .debug_frame   0x0000000000001b00       0x70 /Applications/Ac6/SystemWorkbench.app/Contents/Eclipse/plugins/fr.ac6.mcu.externaltools.arm-none.macos64_1.11.0.201610101357/tools/gcc-arm-none-eabi-5_4-2016q2/bin/../lib/gcc/arm-none-eabi/5.4.1/../../../../arm-none-eabi/lib/armv7e-m/fpu/libc_nano.a(lib_a-sprintf.o)
 .debug_frame   0x0000000000001b70       0x90 /Applications/Ac6/SystemWorkbench.app/Contents/Eclipse/plugins/fr.ac6.mcu.externaltools.arm-none.macos64_1.11.0.201610101357/tools/gcc-arm-none-eabi-5_4-2016q2/bin/../lib/gcc/arm-none-eabi/5.4.1/../../../../arm-none-eabi/lib/armv7e-m/fpu/libc_nano.a(lib_a-nano-svfprintf.o)
 .debug_frame   0x0000000000001c00       0x60 /Applications/Ac6/SystemWorkbench.app/Contents/Eclipse/plugins/fr.ac6.mcu.externaltools.arm-none.macos64_1.11.0.201610101357/tools/gcc-arm-none-eabi-5_4-2016q2/bin/../lib/gcc/arm-none-eabi/5.4.1/../../../../arm-none-eabi/lib/armv7e-m/fpu/libc_nano.a(lib_a-nano-vfprintf_i.o)
 .debug_frame   0x0000000000001c60       0x28 /Applications/Ac6/SystemWorkbench.app/Contents/Eclipse/plugins/fr.ac6.mcu.externaltools.arm-none.macos64_1.11.0.201610101357/tools/gcc-arm-none-eabi-5_4-2016q2/bin/../lib/gcc/arm-none-eabi/5.4.1/../../../../arm-none-eabi/lib/armv7e-m/fpu/libc_nano.a(lib_a-memcpy-stub.o)
 .debug_frame   0x0000000000001c88       0x28 /Applications/Ac6/SystemWorkbench.app/Contents/Eclipse/plugins/fr.ac6.mcu.externaltools.arm-none.macos64_1.11.0.201610101357/tools/gcc-arm-none-eabi-5_4-2016q2/bin/../lib/gcc/arm-none-eabi/5.4.1/../../../../arm-none-eabi/lib/armv7e-m/fpu/libc_nano.a(lib_a-memmove.o)
 .debug_frame   0x0000000000001cb0       0x38 /Applications/Ac6/SystemWorkbench.app/Contents/Eclipse/plugins/fr.ac6.mcu.externaltools.arm-none.macos64_1.11.0.201610101357/tools/gcc-arm-none-eabi-5_4-2016q2/bin/../lib/gcc/arm-none-eabi/5.4.1/../../../../arm-none-eabi/lib/armv7e-m/fpu/libc_nano.a(lib_a-nano-freer.o)
 .debug_frame   0x0000000000001ce8       0x2c /Applications/Ac6/SystemWorkbench.app/Contents/Eclipse/plugins/fr.ac6.mcu.externaltools.arm-none.macos64_1.11.0.201610101357/tools/gcc-arm-none-eabi-5_4-2016q2/bin/../lib/gcc/arm-none-eabi/5.4.1/../../../../arm-none-eabi/lib/armv7e-m/fpu/libc_nano.a(lib_a-nano-mallocr.o)
 .debug_frame   0x0000000000001d14       0x3c /Applications/Ac6/SystemWorkbench.app/Contents/Eclipse/plugins/fr.ac6.mcu.externaltools.arm-none.macos64_1.11.0.201610101357/tools/gcc-arm-none-eabi-5_4-2016q2/bin/../lib/gcc/arm-none-eabi/5.4.1/../../../../arm-none-eabi/lib/armv7e-m/fpu/libc_nano.a(lib_a-nano-reallocr.o)
 .debug_frame   0x0000000000001d50       0x2c /Applications/Ac6/SystemWorkbench.app/Contents/Eclipse/plugins/fr.ac6.mcu.externaltools.arm-none.macos64_1.11.0.201610101357/tools/gcc-arm-none-eabi-5_4-2016q2/bin/../lib/gcc/arm-none-eabi/5.4.1/../../../../arm-none-eabi/lib/armv7e-m/fpu/libc_nano.a(lib_a-sbrkr.o)
 .debug_frame   0x0000000000001d7c       0x30 /Applications/Ac6/SystemWorkbench.app/Contents/Eclipse/plugins/fr.ac6.mcu.externaltools.arm-none.macos64_1.11.0.201610101357/tools/gcc-arm-none-eabi-5_4-2016q2/bin/../lib/gcc/arm-none-eabi/5.4.1/../../../../arm-none-eabi/lib/armv7e-m/fpu/libc_nano.a(lib_a-mlock.o)
 .debug_frame   0x0000000000001dac       0x20 /Applications/Ac6/SystemWorkbench.app/Contents/Eclipse/plugins/fr.ac6.mcu.externaltools.arm-none.macos64_1.11.0.201610101357/tools/gcc-arm-none-eabi-5_4-2016q2/bin/../lib/gcc/arm-none-eabi/5.4.1/../../../../arm-none-eabi/lib/armv7e-m/fpu/libc_nano.a(lib_a-nano-msizer.o)
 .debug_frame   0x0000000000001dcc       0x5c /Applications/Ac6/SystemWorkbench.app/Contents/Eclipse/plugins/fr.ac6.mcu.externaltools.arm-none.macos64_1.11.0.201610101357/tools/gcc-arm-none-eabi-5_4-2016q2/bin/../lib/gcc/arm-none-eabi/5.4.1/../../../../arm-none-eabi/lib/armv7e-m/fpu/libc_nano.a(lib_a-reent.o)
 .debug_frame   0x0000000000001e28       0x20 /Applications/Ac6/SystemWorkbench.app/Contents/Eclipse/plugins/fr.ac6.mcu.externaltools.arm-none.macos64_1.11.0.201610101357/tools/gcc-arm-none-eabi-5_4-2016q2/bin/../lib/gcc/arm-none-eabi/5.4.1/../../../../arm-none-eabi/lib/armv7e-m/fpu/libnosys.a(sbrk.o)
